BL51 BANKED LINKER/LOCATER V6.22                                                        09/07/2015  18:06:53  PAGE 1


BL51 BANKED LINKER/LOCATER V6.22, INVOKED BY:
F:\KEIL\C51\BIN\BL51.EXE STARTUP.obj, ble.obj, sync.obj, usart.obj, main.obj, task.obj, share.obj, utils.obj, e2prom.obj
>>  TO lock RAMSIZE (256)


MEMORY MODEL: SMALL


INPUT MODULES INCLUDED:
  STARTUP.obj (?C_STARTUP)
  ble.obj (BLE)
  sync.obj (SYNC)
  usart.obj (USART)
  main.obj (MAIN)
  task.obj (TASK)
  share.obj (SHARE)
  utils.obj (UTILS)
  e2prom.obj (E2PROM)
  F:\KEIL\C51\LIB\C51S.LIB (?C_INIT)
  F:\KEIL\C51\LIB\C51S.LIB (?C?COPY)
  F:\KEIL\C51\LIB\C51S.LIB (?C?CLDPTR)
  F:\KEIL\C51\LIB\C51S.LIB (?C?CLDOPTR)
  F:\KEIL\C51\LIB\C51S.LIB (?C?CSTPTR)
  F:\KEIL\C51\LIB\C51S.LIB (?C?CSTOPTR)
  F:\KEIL\C51\LIB\C51S.LIB (?C?ULSHR)
  F:\KEIL\C51\LIB\C51S.LIB (?C?LSHL)
  F:\KEIL\C51\LIB\C51S.LIB (STRCAT)
  F:\KEIL\C51\LIB\C51S.LIB (?C?MEMSET)


LINK MAP OF MODULE:  lock (?C_STARTUP)


            TYPE    BASE      LENGTH    RELOCATION   SEGMENT NAME
            -----------------------------------------------------

            * * * * * * *   D A T A   M E M O R Y   * * * * * * *
            REG     0000H     0008H     ABSOLUTE     "REG BANK 0"
            DATA    0008H     0011H     UNIT         ?DT?_CHECKEXCLUSIVE_OR?UTILS
            DATA    0019H     0007H     UNIT         ?DT?_CRC_CREAT?UTILS
            BIT     0020H.0   0000H.2   UNIT         ?BI?SHARE
            BIT     0020H.2   0000H.1   UNIT         ?BI?USART
                    0020H.3   0000H.5                *** GAP ***
            DATA    0021H     0039H     UNIT         _DATA_GROUP_
            DATA    005AH     001AH     UNIT         ?DT?_BLE_CHANGEBLENAME?BLE
            DATA    0074H     000CH     UNIT         ?DT?_CHECKCOMPLEMENT?UTILS
            IDATA   0080H     0001H     UNIT         ?STACK

            * * * * * * *  X D A T A   M E M O R Y  * * * * * * *
            XDATA   0000H     0061H     UNIT         ?XD?BLE
            XDATA   0061H     0006H     UNIT         ?XD?USART
            XDATA   0067H     0001H     UNIT         ?XD?TASK

            * * * * * * *   C O D E   M E M O R Y   * * * * * * *
            CODE    0000H     0003H     ABSOLUTE     
            CODE    0003H     0008H     UNIT         ?PR?_CHECK_REQUSET_FOR_OPEN_FLOODGATE?BLE
            CODE    000BH     0003H     ABSOLUTE     
            CODE    000EH     0015H     UNIT         ?PR?_USART_FINISH_RX?USART
BL51 BANKED LINKER/LOCATER V6.22                                                      09/07/2015  18:06:53  PAGE 2


            CODE    0023H     0003H     ABSOLUTE     
            CODE    0026H     01C2H     UNIT         ?C?LIB_CODE
            CODE    01E8H     017AH     UNIT         ?PR?_SEND_RESPONSE_FOR_READ_COUNTER_FOR_OPERATION?BLE
            CODE    0362H     0146H     UNIT         ?PR?_SEND_RESPONSE_FOR_READ_A_AND_B?BLE
            CODE    04A8H     0146H     UNIT         ?PR?_SEND_RESPONSE_FOR_WRITE_A?BLE
            CODE    05EEH     0146H     UNIT         ?PR?_SEND_RESPONSE_FOR_CHANGEBLENAME?BLE
            CODE    0734H     010CH     UNIT         ?PR?_SEND_RESPONSE_FOR_OPEN_KEY_CABINET?BLE
            CODE    0840H     00FDH     UNIT         ?PR?_SEND_RESPONSE_FOR_OPEN_FLOODGATE?BLE
            CODE    093DH     00EAH     UNIT         ?PR?_CHECK_REQUSET_FOR_READ_COUNTER_FOR_OPERATION?BLE
            CODE    0A27H     00B4H     UNIT         ?PR?_SEND_RESPONSE_FOR_READ_STATUS_FOR_KEY_CABINET?BLE
            CODE    0ADBH     00A7H     UNIT         ?PR?UART1_INT?BLE
            CODE    0B82H     0094H     UNIT         ?CO?BLE
            CODE    0C16H     008CH     UNIT         ?C_C51STARTUP
            CODE    0CA2H     0081H     UNIT         ?PR?_CHECKEXCLUSIVE_OR?UTILS
            CODE    0D23H     007AH     UNIT         ?PR?REQUEST_PROCESS_RECIEVED?BLE
            CODE    0D9DH     0068H     UNIT         ?PR?_EXCLUSIVE_OR_CREAT?UTILS
            CODE    0E05H     0062H     UNIT         ?PR?MAIN?MAIN
            CODE    0E67H     005FH     UNIT         ?PR?_CRC_CREAT?UTILS
            CODE    0EC6H     005AH     UNIT         ?PR?READ_COUNTER_FOR_OPEN_KEY_CABINET?UTILS
            CODE    0F20H     005AH     UNIT         ?PR?READ_COUNTER_FOR_OPEN_FLOOD_DOOR?UTILS
            CODE    0F7AH     005AH     UNIT         ?PR?READ_COUNTER_FOR_READ_A_AND_B?UTILS
            CODE    0FD4H     005AH     UNIT         ?PR?READ_COUNTER_FOR_WRITE_A?UTILS
            CODE    102EH     0059H     UNIT         ?PR?BLE_INIT?BLE
            CODE    1087H     0059H     UNIT         ?PR?_CHECKORDER_OVER?UTILS
            CODE    10E0H     0058H     UNIT         ?PR?_CHECKCOMPLEMENT?UTILS
            CODE    1138H     0058H     UNIT         ?PR?_STRCAT?STRCAT
            CODE    1190H     0057H     UNIT         ?PR?_USART_RX_BLOCK?USART
            CODE    11E7H     0051H     UNIT         ?PR?_BLE_CHANGEBLENAME?BLE
            CODE    1238H     004DH     UNIT         ?PR?_STORE_TIMESTAMP?UTILS
            CODE    1285H     004BH     UNIT         ?PR?_ORDER_OVER_CREAT?UTILS
            CODE    12D0H     004AH     UNIT         ?PR?_STORE_COUNTER_FOR_OPEN_KEY_CABINET?UTILS
            CODE    131AH     004AH     UNIT         ?PR?_STORE_COUNTER_FOR_OPEN_FLOOD_DOOR?UTILS
            CODE    1364H     004AH     UNIT         ?PR?_STORE_COUNTER_FOR_READ_A_AND_B?UTILS
            CODE    13AEH     004AH     UNIT         ?PR?_STORE_COUNTER_FOR_WRITE_A?UTILS
            CODE    13F8H     004AH     UNIT         ?PR?_STORE_COUNTER_FOR_CHANGE_BLENAME?UTILS
            CODE    1442H     004AH     UNIT         ?PR?_COMPLEMENT_CREAT?UTILS
            CODE    148CH     0046H     UNIT         ?PR?_STORE_A?UTILS
            CODE    14D2H     0046H     UNIT         ?PR?_STORE_B?UTILS
            CODE    1518H     003AH     UNIT         ?PR?_READ_A?UTILS
            CODE    1552H     003AH     UNIT         ?PR?_READ_B?UTILS
            CODE    158CH     003AH     UNIT         ?PR?_READ_TIMESTAMP?UTILS
            CODE    15C6H     003AH     UNIT         ?PR?_READ_COUNTER_FOR_CHANGE_BLENAME?UTILS
            CODE    1600H     0039H     UNIT         ?PR?TM0_ISR?SYNC
            CODE    1639H     0030H     UNIT         ?PR?_AND_CREAT?UTILS
            CODE    1669H     002EH     UNIT         ?PR?_USART_INIT?USART
            CODE    1697H     0029H     UNIT         ?PR?_GETSTRING1?BLE
            CODE    16C0H     0027H     UNIT         ?PR?_TX1_WRITE2BUFF?BLE
            CODE    16E7H     0021H     UNIT         ?C_INITSEG
            CODE    1708H     001FH     UNIT         ?PR?_PRINTSTRING2?BLE
            CODE    1727H     001BH     UNIT         ?PR?USART_SHARE_TIMER2?USART
            CODE    1742H     0017H     UNIT         ?PR?_EEPROM_READ?E2PROM
            CODE    1759H     0016H     UNIT         ?PR?_EEPROM_WRITE?E2PROM
            CODE    176FH     0014H     UNIT         ?PR?BLE_ENTER_ADVERSTING?BLE
            CODE    1783H     0014H     UNIT         ?PR?INIT_SYSTEM_TICK?SYNC
            CODE    1797H     0014H     UNIT         ?PR?_CHECKAND?UTILS
            CODE    17ABH     0014H     UNIT         ?PR?_EEPROM_SECTORERASE?E2PROM
            CODE    17BFH     0013H     UNIT         ?PR?_PRINTSTRING1?BLE
BL51 BANKED LINKER/LOCATER V6.22                                                      09/07/2015  18:06:53  PAGE 3


            CODE    17D2H     000FH     UNIT         ?PR?DELAY50MS?BLE
            CODE    17E1H     000FH     UNIT         ?PR?DELAY500MS?MAIN
            CODE    17F0H     000FH     UNIT         ?PR?_CHECKSIMPLECRC?UTILS
            CODE    17FFH     000EH     UNIT         ?PR?DISABLEEEPROM?E2PROM
            CODE    180DH     000DH     UNIT         ?PR?RESET_ALL_COUNTERS?SYNC
            CODE    181AH     0009H     UNIT         ?PR?BLE_PROCESS_RECIEVED?BLE
            CODE    1823H     0009H     UNIT         ?PR?SYNC_WITH_ALERT?SYNC
            CODE    182CH     0008H     UNIT         ?PR?_CHECK_REQUSET_FOR_OPEN_KEY_CABINET?BLE
            CODE    1834H     0008H     UNIT         ?PR?_CHECK_REQUSET_FOR_READ_A_AND_B?BLE
            CODE    183CH     0008H     UNIT         ?PR?_CHECK_REQUSET_FOR_WRITE_A?BLE
            CODE    1844H     0008H     UNIT         ?PR?_CHECK_REQUSET_FOR_CHANGEBLENAME?BLE
            CODE    184CH     0008H     UNIT         ?PR?_CHECK_REQUSET_FOR_READ_STATUS_FOR_KEY_CABINET?BLE
            CODE    1854H     0006H     UNIT         ?PR?INSTANT_EFFECTIVE_INIT?MAIN
            CODE    185AH     0006H     UNIT         ?PR?INIT_SYSTEM_COMPONENT?MAIN
            CODE    1860H     0004H     UNIT         ?PR?_READ_STATUS_KEY_CABINET?BLE
            CODE    1864H     0003H     UNIT         ?PR?INIT_LOGIC_PARAMS?MAIN



OVERLAY MAP OF MODULE:   lock (?C_STARTUP)


SEGMENT                                            DATA_GROUP 
  +--> CALLED SEGMENT                            START    LENGTH
----------------------------------------------------------------
?C_C51STARTUP                                    -----    -----
  +--> ?PR?MAIN?MAIN
  +--> ?C_INITSEG

?PR?MAIN?MAIN                                    -----    -----
  +--> ?PR?DELAY500MS?MAIN
  +--> ?PR?INSTANT_EFFECTIVE_INIT?MAIN
  +--> ?PR?BLE_PROCESS_RECIEVED?BLE
  +--> ?PR?BLE_ENTER_ADVERSTING?BLE
  +--> ?PR?REQUEST_PROCESS_RECIEVED?BLE

?PR?INSTANT_EFFECTIVE_INIT?MAIN                  -----    -----
  +--> ?PR?INIT_SYSTEM_COMPONENT?MAIN
  +--> ?PR?INIT_LOGIC_PARAMS?MAIN

?PR?INIT_SYSTEM_COMPONENT?MAIN                   -----    -----
  +--> ?PR?INIT_SYSTEM_TICK?SYNC
  +--> ?PR?BLE_INIT?BLE

?PR?BLE_INIT?BLE                                 -----    -----
  +--> ?PR?_USART_INIT?USART
  +--> ?PR?USART_SHARE_TIMER2?USART

?PR?BLE_PROCESS_RECIEVED?BLE                     0021H    0020H
  +--> ?PR?_GETSTRING1?BLE

?PR?_GETSTRING1?BLE                              0041H    0003H

?PR?BLE_ENTER_ADVERSTING?BLE                     -----    -----
  +--> ?PR?SYNC_WITH_ALERT?SYNC
  +--> ?CO?BLE
  +--> ?PR?_PRINTSTRING1?BLE
BL51 BANKED LINKER/LOCATER V6.22                                                      09/07/2015  18:06:53  PAGE 4


  +--> ?PR?DELAY50MS?BLE

?PR?_PRINTSTRING1?BLE                            -----    -----
  +--> ?PR?_TX1_WRITE2BUFF?BLE

?PR?REQUEST_PROCESS_RECIEVED?BLE                 0021H    0014H
  +--> ?PR?_GETSTRING1?BLE
  +--> ?PR?_SEND_RESPONSE_FOR_READ_COUNTER_F...
  +--> ?PR?_SEND_RESPONSE_FOR_OPEN_FLOODGATE...
  +--> ?PR?_SEND_RESPONSE_FOR_OPEN_KEY_CABIN...
  +--> ?PR?_SEND_RESPONSE_FOR_READ_A_AND_B?BLE
  +--> ?PR?_SEND_RESPONSE_FOR_WRITE_A?BLE
  +--> ?PR?_SEND_RESPONSE_FOR_CHANGEBLENAME?BLE
  +--> ?PR?_SEND_RESPONSE_FOR_READ_STATUS_FO...

?PR?_SEND_RESPONSE_FOR_READ_COUNTER_F...         0035H    001CH
  +--> ?PR?_CHECK_REQUSET_FOR_READ_COUNTER_F...
  +--> ?PR?_READ_TIMESTAMP?UTILS
  +--> ?PR?_PRINTSTRING2?BLE

?PR?_CHECK_REQUSET_FOR_READ_COUNTER_F...         0051H    0009H

?PR?_READ_TIMESTAMP?UTILS                        0052H    0006H
  +--> ?PR?_EEPROM_READ?E2PROM

?PR?_EEPROM_READ?E2PROM                          -----    -----
  +--> ?PR?DISABLEEEPROM?E2PROM

?PR?_PRINTSTRING2?BLE                            0052H    0003H
  +--> ?PR?_TX1_WRITE2BUFF?BLE

?PR?_SEND_RESPONSE_FOR_OPEN_FLOODGATE...         0035H    001DH
  +--> ?PR?_CHECK_REQUSET_FOR_OPEN_FLOODGATE...
  +--> ?PR?_READ_TIMESTAMP?UTILS
  +--> ?PR?_PRINTSTRING2?BLE

?PR?_CHECK_REQUSET_FOR_OPEN_FLOODGATE...         0052H    0003H

?PR?_SEND_RESPONSE_FOR_OPEN_KEY_CABIN...         0035H    001DH
  +--> ?PR?_CHECK_REQUSET_FOR_OPEN_FLOODGATE...
  +--> ?PR?_READ_TIMESTAMP?UTILS
  +--> ?PR?_PRINTSTRING2?BLE

?PR?_SEND_RESPONSE_FOR_READ_A_AND_B?BLE          0035H    0017H
  +--> ?PR?_CHECK_REQUSET_FOR_READ_A_AND_B?BLE
  +--> ?PR?_READ_TIMESTAMP?UTILS
  +--> ?PR?_PRINTSTRING2?BLE

?PR?_CHECK_REQUSET_FOR_READ_A_AND_B?BLE          004CH    0003H

?PR?_SEND_RESPONSE_FOR_WRITE_A?BLE               0035H    0017H
  +--> ?PR?_CHECK_REQUSET_FOR_WRITE_A?BLE
  +--> ?PR?_READ_TIMESTAMP?UTILS
  +--> ?PR?_PRINTSTRING2?BLE

?PR?_CHECK_REQUSET_FOR_WRITE_A?BLE               004CH    0003H

BL51 BANKED LINKER/LOCATER V6.22                                                      09/07/2015  18:06:53  PAGE 5


?PR?_SEND_RESPONSE_FOR_CHANGEBLENAME?BLE         0035H    0017H
  +--> ?PR?_CHECK_REQUSET_FOR_WRITE_A?BLE
  +--> ?PR?_READ_TIMESTAMP?UTILS
  +--> ?PR?_PRINTSTRING2?BLE

?PR?_SEND_RESPONSE_FOR_READ_STATUS_FO...         0035H    0018H
  +--> ?PR?_CHECK_REQUSET_FOR_READ_STATUS_FO...
  +--> ?PR?_READ_STATUS_KEY_CABINET?BLE
  +--> ?PR?_PRINTSTRING2?BLE

?PR?_CHECK_REQUSET_FOR_READ_STATUS_FO...         004DH    0003H

?PR?_READ_STATUS_KEY_CABINET?BLE                 004DH    0001H



UNRESOLVED EXTERNAL SYMBOLS:
   ?_AND_CREAT?BYTE
   ?_CHECKAND?BYTE
   ?_CHECKEXCLUSIVE_OR?BYTE
   ?_CHECKSIMPLECRC?BYTE
   ?_COMPLEMENT_CREAT?BYTE
   ?_CRC_CREAT?BYTE
   ?_EXCLUSIVE_OR_CREAT?BYTE
   ?_READ_A?BYTE
   ?_READ_B?BYTE
   ?_STORE_TIMESTAMP?BYTE
   READ_COUNTER_FOR_OPEN_FLOOD_DOOR
   READ_COUNTER_FOR_OPEN_KEY_CABINET
   READ_COUNTER_FOR_READ_A_AND_B
   READ_COUNTER_FOR_WRITE_A
   _AND_CREAT
   _CHECKAND
   _CHECKEXCLUSIVE_OR
   _CHECKSIMPLECRC
   _COMPLEMENT_CREAT
   _CRC_CREAT
   _EXCLUSIVE_OR_CREAT
   _READ_A
   _READ_B
   _STORE_TIMESTAMP



IGNORED SEGMENTS:
   ?DT?_CHECK_REQUSET_FOR_OPEN_KEY_CABINET?BLE
   ?DT?_CHECK_REQUSET_FOR_CHANGEBLENAME?BLE
   ?DT?BLE
   ?DT?SYNC
   ?DT?_STORE_COUNTER_FOR_OPEN_KEY_CABINET?UTILS
   ?DT?_STORE_COUNTER_FOR_OPEN_FLOOD_DOOR?UTILS
   ?DT?_STORE_COUNTER_FOR_READ_A_AND_B?UTILS
   ?DT?_STORE_COUNTER_FOR_WRITE_A?UTILS
   ?DT?_STORE_A?UTILS
   ?DT?_STORE_B?UTILS
   ?DT?_STORE_TIMESTAMP?UTILS
   ?DT?_STORE_COUNTER_FOR_CHANGE_BLENAME?UTILS
BL51 BANKED LINKER/LOCATER V6.22                                                      09/07/2015  18:06:53  PAGE 6


   ?DT?READ_COUNTER_FOR_OPEN_KEY_CABINET?UTILS
   ?DT?READ_COUNTER_FOR_OPEN_FLOOD_DOOR?UTILS
   ?DT?READ_COUNTER_FOR_READ_A_AND_B?UTILS
   ?DT?READ_COUNTER_FOR_WRITE_A?UTILS
   ?DT?_READ_A?UTILS
   ?DT?_READ_B?UTILS
   ?DT?_READ_COUNTER_FOR_CHANGE_BLENAME?UTILS
   ?DT?_CHECKSIMPLECRC?UTILS
   ?DT?_AND_CREAT?UTILS
   ?DT?_CHECKAND?UTILS
   ?DT?_COMPLEMENT_CREAT?UTILS
   ?DT?_ORDER_OVER_CREAT?UTILS
   ?DT?_CHECKORDER_OVER?UTILS
   ?DT?_EXCLUSIVE_OR_CREAT?UTILS
   ?DT?_STRCAT?STRCAT



IGNORED SYMBOLS:
   ?_READ_COUNTER_FOR_CHANGE_BLENAME?BYTE
   ?_STRCAT?BYTE
   RECEIVED_FOR_BLE_RESPONSE
   RECEIVED_FOR_REQUEST



SYMBOL TABLE OF MODULE:  lock (?C_STARTUP)

  VALUE           TYPE          NAME
  ----------------------------------

  -------         MODULE        ?C_STARTUP
  C:0C16H         SEGMENT       ?C_C51STARTUP
  I:0080H         SEGMENT       ?STACK
  C:0000H         PUBLIC        ?C_STARTUP
  D:00E0H         SYMBOL        ACC
  D:00F0H         SYMBOL        B
  D:0083H         SYMBOL        DPH
  D:0082H         SYMBOL        DPL
  N:0000H         SYMBOL        IBPSTACK
  N:0100H         SYMBOL        IBPSTACKTOP
  N:0080H         SYMBOL        IDATALEN
  C:0C19H         SYMBOL        IDATALOOP
  N:0000H         SYMBOL        PBPSTACK
  N:0100H         SYMBOL        PBPSTACKTOP
  N:0000H         SYMBOL        PDATALEN
  N:0000H         SYMBOL        PDATASTART
  N:0000H         SYMBOL        PPAGE
  N:0000H         SYMBOL        PPAGEENABLE
  D:00A0H         SYMBOL        PPAGE_SFR
  D:0081H         SYMBOL        SP
  C:0C16H         SYMBOL        STARTUP1
  N:0000H         SYMBOL        XBPSTACK
  N:0000H         SYMBOL        XBPSTACKTOP
  N:0000H         SYMBOL        XDATALEN
  N:0000H         SYMBOL        XDATASTART
  C:0000H         LINE#         126
BL51 BANKED LINKER/LOCATER V6.22                                                      09/07/2015  18:06:53  PAGE 7


  C:0C16H         LINE#         133
  C:0C18H         LINE#         134
  C:0C19H         LINE#         135
  C:0C1AH         LINE#         136
  C:0C1CH         LINE#         185
  C:0C1FH         LINE#         196
  -------         ENDMOD        ?C_STARTUP

  -------         MODULE        BLE
  C:0000H         SYMBOL        _ICE_DUMMY_
  C:093DH         PUBLIC        _Check_Requset_for_Read_counter_for_operation
  D:0080H         PUBLIC        P0
  D:00B2H         PUBLIC        P3M0
  D:0090H         PUBLIC        P1
  D:00B1H         PUBLIC        P3M1
  D:00A0H         PUBLIC        P2
  D:00B0H         PUBLIC        P3
  D:00C0H         PUBLIC        P4
  D:00C8H         PUBLIC        P5
  D:00E8H         PUBLIC        P6
  D:00F8H         PUBLIC        P7
  D:00A2H         PUBLIC        P_SW1
  C:05EEH         PUBLIC        _Send_Response_for_ChangeBLEname
  D:00A8H         PUBLIC        IE
  C:1834H         PUBLIC        _Check_Requset_for_Read_A_and_B
  C:01E8H         PUBLIC        _Send_Response_for_Read_counter_for_operation
  C:0BB8H         SYMBOL        BLE_IND_LINKED_TIME_OUT
  B:00A8H.4       PUBLIC        ES
  D:00B8H         PUBLIC        IP
  X:0000H         SYMBOL        RX1_Buffer
  B:0098H.0       PUBLIC        RI
  C:0ADBH         PUBLIC        UART1_int
  X:0020H         SYMBOL        TX1_Buffer
  B:0098H.1       PUBLIC        TI
  C:0D23H         PUBLIC        request_process_recieved
  C:0362H         PUBLIC        _Send_Response_for_Read_A_and_B
  D:00D8H         PUBLIC        CCON
  C:0BC4H         SYMBOL        BLE_IND_INIT
  C:0B8FH         SYMBOL        BLE_IND_LINKED
  B:0090H.0       PUBLIC        P10
  D:0099H         PUBLIC        SBUF
  C:182CH         PUBLIC        _Check_Requset_for_Open_key_cabinet
  C:176FH         PUBLIC        BLE_Enter_Adversting
  D:0098H         PUBLIC        SCON
  D:0088H         PUBLIC        TCON
  C:0B9BH         SYMBOL        BLE_IND_ADVERTISING
  C:17D2H         PUBLIC        Delay50ms
  X:0040H         SYMBOL        RX1_Spare
  C:17BFH         SYMBOL        _PrintString1
  C:1708H         SYMBOL        _PrintString2
  X:0060H         SYMBOL        RX1_Spare_Cnt
  D:00F0H         PUBLIC        B
  D:008EH         PUBLIC        AUXR
  C:0BFFH         SYMBOL        _?ix1000
  C:16C0H         SYMBOL        _TX1_write2buff
  C:0734H         PUBLIC        _Send_Response_for_Open_key_cabinet
  C:181AH         PUBLIC        ble_process_recieved
BL51 BANKED LINKER/LOCATER V6.22                                                      09/07/2015  18:06:53  PAGE 8


  D:00E0H         PUBLIC        ACC
  C:0BE7H         SYMBOL        BLE_IND_UNLOCKED
  C:102EH         PUBLIC        BLE_Init
  C:0BFCH         SYMBOL        BLE_IND_SUCCESS_CHANGE_BLE_NAME
  C:1697H         SYMBOL        _GetString1
  C:0BA9H         SYMBOL        BLE_IND_UNLINKED
  C:184CH         PUBLIC        _Check_Requset_for_Read_status_for_key_cabinet
  C:11E7H         PUBLIC        _BLE_ChangeBLEName
  D:0000H         PUBLIC        received_for_ble_response
  C:0A27H         PUBLIC        _Send_Response_for_Read_status_for_key_cabinet
  D:0097H         PUBLIC        PCON2
  D:0001H         PUBLIC        received_for_request
  C:0BD2H         SYMBOL        BLE_IND_PASSWORD
  C:183CH         PUBLIC        _Check_Requset_for_Write_A
  C:0003H         PUBLIC        _Check_Requset_for_Open_floodgate
  C:1860H         PUBLIC        _Read_status_key_cabinet
  C:04A8H         PUBLIC        _Send_Response_for_Write_A
  D:00D0H         PUBLIC        PSW
  C:1844H         PUBLIC        _Check_Requset_for_ChangeBLEname
  C:0840H         PUBLIC        _Send_Response_for_Open_floodgate
  -------         PROC          DELAY50MS
  -------         DO            
  D:0007H         SYMBOL        i
  D:0006H         SYMBOL        j
  D:0005H         SYMBOL        k
  -------         ENDDO         
  C:17D2H         LINE#         33
  C:17D2H         LINE#         34
  C:17D2H         LINE#         37
  C:17D3H         LINE#         38
  C:17D4H         LINE#         39
  C:17D6H         LINE#         40
  C:17D8H         LINE#         41
  C:17DAH         LINE#         43
  C:17DAH         LINE#         45
  C:17DAH         LINE#         46
  C:17DCH         LINE#         47
  C:17DEH         LINE#         48
  C:17E0H         LINE#         49
  -------         ENDPROC       DELAY50MS
  -------         PROC          _TX1_WRITE2BUFF
  D:0007H         SYMBOL        dat
  C:16C0H         LINE#         51
  C:16C0H         LINE#         52
  C:16C0H         LINE#         53
  C:16CFH         LINE#         54
  C:16DAH         LINE#         55
  C:16DCH         LINE#         57
  C:16E2H         LINE#         58
  C:16E2H         LINE#         59
  C:16E4H         LINE#         60
  C:16E6H         LINE#         61
  C:16E6H         LINE#         62
  -------         ENDPROC       _TX1_WRITE2BUFF
  -------         PROC          _GETSTRING1
  D:0041H         SYMBOL        received
  C:1697H         LINE#         69
BL51 BANKED LINKER/LOCATER V6.22                                                      09/07/2015  18:06:53  PAGE 9


  C:169DH         LINE#         70
  C:16A3H         LINE#         71
  C:16B6H         LINE#         75
  C:16BBH         LINE#         76
  C:16BFH         LINE#         81
  -------         ENDPROC       _GETSTRING1
  -------         PROC          _PRINTSTRING1
  D:0001H         SYMBOL        puts
  C:17BFH         LINE#         83
  C:17BFH         LINE#         84
  C:17BFH         LINE#         85
  C:17D1H         LINE#         86
  -------         ENDPROC       _PRINTSTRING1
  -------         PROC          _PRINTSTRING2
  D:0052H         SYMBOL        puts
  -------         DO            
  D:0006H         SYMBOL        i
  -------         ENDDO         
  C:1708H         LINE#         88
  C:170EH         LINE#         89
  C:170EH         LINE#         91
  C:1710H         LINE#         92
  C:1726H         LINE#         93
  -------         ENDPROC       _PRINTSTRING2
  -------         PROC          BLE_INIT
  C:102EH         LINE#         94
  C:102EH         LINE#         96
  C:103DH         LINE#         97
  C:104CH         LINE#         98
  C:105BH         LINE#         99
  C:1062H         LINE#         101
  C:106AH         LINE#         102
  C:106DH         LINE#         104
  C:106FH         LINE#         106
  C:1072H         LINE#         107
  C:1075H         LINE#         108
  C:107BH         LINE#         109
  C:1081H         LINE#         111
  C:1084H         LINE#         113
  -------         ENDPROC       BLE_INIT
  -------         PROC          BLE_ENTER_ADVERSTING
  C:176FH         LINE#         116
  C:176FH         LINE#         117
  C:176FH         LINE#         118
  C:1771H         LINE#         119
  C:1774H         LINE#         120
  C:177DH         LINE#         121
  C:1780H         LINE#         122
  C:1782H         LINE#         123
  -------         ENDPROC       BLE_ENTER_ADVERSTING
  -------         PROC          _BLE_CHANGEBLENAME
  D:005AH         SYMBOL        blename
  -------         DO            
  D:005DH         SYMBOL        cmd
  -------         ENDDO         
  C:11E7H         LINE#         125
  C:11EDH         LINE#         126
BL51 BANKED LINKER/LOCATER V6.22                                                      09/07/2015  18:06:53  PAGE 10


  C:11EDH         LINE#         127
  C:1200H         LINE#         128
  C:1212H         LINE#         129
  C:1224H         LINE#         130
  C:1226H         LINE#         131
  C:1229H         LINE#         132
  C:1232H         LINE#         133
  C:1235H         LINE#         134
  C:1237H         LINE#         135
  -------         ENDPROC       _BLE_CHANGEBLENAME
  -------         PROC          _CHECK_REQUSET_FOR_READ_COUNTER_FOR_OPERATION
  D:0051H         SYMBOL        received
  -------         DO            
  D:0007H         SYMBOL        i
  D:0054H         SYMBOL        timestamp
  -------         ENDDO         
  C:093DH         LINE#         137
  C:0943H         LINE#         138
  C:0943H         LINE#         140
  C:0945H         LINE#         141
  C:0961H         LINE#         142
  C:0A15H         LINE#         144
  C:0A15H         LINE#         145
  C:0A23H         LINE#         146
  C:0A25H         LINE#         147
  C:0A25H         LINE#         149
  C:0A26H         LINE#         150
  -------         ENDPROC       _CHECK_REQUSET_FOR_READ_COUNTER_FOR_OPERATION
  -------         PROC          _SEND_RESPONSE_FOR_READ_COUNTER_FOR_OPERATION
  D:0035H         SYMBOL        received
  -------         DO            
  D:0038H         SYMBOL        send_data
  D:004CH         SYMBOL        i
  D:004DH         SYMBOL        couter_for_operation
  -------         ENDDO         
  C:01E8H         LINE#         152
  C:01EEH         LINE#         153
  C:01EEH         LINE#         156
  C:01FDH         LINE#         157
  C:0209H         LINE#         158
  C:0211H         LINE#         159
  C:0211H         LINE#         160
  C:0214H         LINE#         162
  C:021FH         LINE#         163
  C:0222H         LINE#         164
  C:0230H         LINE#         165
  C:0233H         LINE#         166
  C:0241H         LINE#         167
  C:0244H         LINE#         168
  C:0252H         LINE#         169
  C:025DH         LINE#         170
  C:025DH         LINE#         172
  C:0260H         LINE#         173
  C:0286H         LINE#         175
  C:0294H         LINE#         176
  C:0297H         LINE#         177
  C:02A6H         LINE#         179
BL51 BANKED LINKER/LOCATER V6.22                                                      09/07/2015  18:06:53  PAGE 11


  C:02B4H         LINE#         180
  C:02E0H         LINE#         181
  C:02FDH         LINE#         183
  C:030DH         LINE#         184
  C:031DH         LINE#         185
  C:032EH         LINE#         186
  C:033EH         LINE#         187
  C:0340H         LINE#         189
  C:0340H         LINE#         190
  C:0343H         LINE#         191
  C:0346H         LINE#         192
  C:0354H         LINE#         193
  C:0359H         LINE#         194
  C:0359H         LINE#         195
  -------         ENDPROC       _SEND_RESPONSE_FOR_READ_COUNTER_FOR_OPERATION
  -------         PROC          _CHECK_REQUSET_FOR_OPEN_FLOODGATE
  D:0052H         SYMBOL        received
  C:0003H         LINE#         198
  C:0009H         LINE#         199
  C:0009H         LINE#         220
  C:0009H         LINE#         221
  C:000AH         LINE#         222
  C:000AH         LINE#         223
  -------         ENDPROC       _CHECK_REQUSET_FOR_OPEN_FLOODGATE
  -------         PROC          _SEND_RESPONSE_FOR_OPEN_FLOODGATE
  D:0035H         SYMBOL        received
  -------         DO            
  D:0038H         SYMBOL        send_data
  D:0007H         SYMBOL        i
  D:004CH         SYMBOL        timestamp_complement
  -------         ENDDO         
  C:0840H         LINE#         224
  C:0846H         LINE#         225
  C:0846H         LINE#         227
  C:0855H         LINE#         228
  C:0858H         LINE#         229
  C:0866H         LINE#         230
  C:0866H         LINE#         231
  C:0869H         LINE#         234
  C:0876H         LINE#         235
  C:0886H         LINE#         236
  C:088BH         LINE#         237
  C:089FH         LINE#         238
  C:08B1H         LINE#         240
  C:08C5H         LINE#         241
  C:08D7H         LINE#         243
  C:08F3H         LINE#         244
  C:091FH         LINE#         245
  C:0921H         LINE#         247
  C:0921H         LINE#         248
  C:0924H         LINE#         249
  C:0924H         LINE#         250
  C:092FH         LINE#         251
  C:0934H         LINE#         252
  C:0934H         LINE#         253
  -------         ENDPROC       _SEND_RESPONSE_FOR_OPEN_FLOODGATE
  -------         PROC          _CHECK_REQUSET_FOR_OPEN_KEY_CABINET
BL51 BANKED LINKER/LOCATER V6.22                                                      09/07/2015  18:06:53  PAGE 12


  D:0000H         SYMBOL        received
  C:182CH         LINE#         256
  C:1832H         LINE#         257
  C:1832H         LINE#         279
  C:1833H         LINE#         281
  -------         ENDPROC       _CHECK_REQUSET_FOR_OPEN_KEY_CABINET
  -------         PROC          _SEND_RESPONSE_FOR_OPEN_KEY_CABINET
  D:0035H         SYMBOL        received
  -------         DO            
  D:0038H         SYMBOL        send_data
  D:0007H         SYMBOL        i
  D:004CH         SYMBOL        timestamp_complement
  -------         ENDDO         
  C:0734H         LINE#         282
  C:073AH         LINE#         283
  C:073AH         LINE#         285
  C:0749H         LINE#         286
  C:074CH         LINE#         287
  C:075AH         LINE#         288
  C:075AH         LINE#         289
  C:075DH         LINE#         292
  C:076AH         LINE#         293
  C:077AH         LINE#         294
  C:078EH         LINE#         295
  C:07A2H         LINE#         296
  C:07B4H         LINE#         298
  C:07C8H         LINE#         299
  C:07DAH         LINE#         301
  C:07F6H         LINE#         302
  C:0822H         LINE#         303
  C:0824H         LINE#         305
  C:0824H         LINE#         306
  C:0827H         LINE#         307
  C:0827H         LINE#         308
  C:0832H         LINE#         309
  C:0837H         LINE#         310
  C:0837H         LINE#         311
  -------         ENDPROC       _SEND_RESPONSE_FOR_OPEN_KEY_CABINET
  -------         PROC          _CHECK_REQUSET_FOR_READ_A_AND_B
  D:004CH         SYMBOL        received
  C:1834H         LINE#         316
  C:183AH         LINE#         317
  C:183AH         LINE#         336
  C:183BH         LINE#         337
  -------         ENDPROC       _CHECK_REQUSET_FOR_READ_A_AND_B
  -------         PROC          _SEND_RESPONSE_FOR_READ_A_AND_B
  D:0035H         SYMBOL        received
  -------         DO            
  D:0038H         SYMBOL        send_data
  D:0007H         SYMBOL        i
  -------         ENDDO         
  C:0362H         LINE#         338
  C:0368H         LINE#         339
  C:0368H         LINE#         341
  C:0377H         LINE#         342
  C:037AH         LINE#         343
  C:0388H         LINE#         344
BL51 BANKED LINKER/LOCATER V6.22                                                      09/07/2015  18:06:53  PAGE 13


  C:0388H         LINE#         345
  C:038BH         LINE#         348
  C:0398H         LINE#         349
  C:03A6H         LINE#         350
  C:03B4H         LINE#         352
  C:03E0H         LINE#         353
  C:03FDH         LINE#         355
  C:0427H         LINE#         356
  C:0444H         LINE#         357
  C:0454H         LINE#         358
  C:0464H         LINE#         359
  C:0478H         LINE#         360
  C:048AH         LINE#         361
  C:048CH         LINE#         363
  C:048CH         LINE#         364
  C:048FH         LINE#         365
  C:048FH         LINE#         366
  C:049AH         LINE#         367
  C:049FH         LINE#         368
  C:049FH         LINE#         369
  -------         ENDPROC       _SEND_RESPONSE_FOR_READ_A_AND_B
  -------         PROC          _CHECK_REQUSET_FOR_WRITE_A
  D:004CH         SYMBOL        received
  C:183CH         LINE#         372
  C:1842H         LINE#         373
  C:1842H         LINE#         393
  C:1843H         LINE#         394
  -------         ENDPROC       _CHECK_REQUSET_FOR_WRITE_A
  -------         PROC          _SEND_RESPONSE_FOR_WRITE_A
  D:0035H         SYMBOL        received
  -------         DO            
  D:0038H         SYMBOL        send_data
  D:0007H         SYMBOL        i
  -------         ENDDO         
  C:04A8H         LINE#         395
  C:04AEH         LINE#         396
  C:04AEH         LINE#         398
  C:04BDH         LINE#         399
  C:04C0H         LINE#         400
  C:04CEH         LINE#         401
  C:04CEH         LINE#         402
  C:04D1H         LINE#         405
  C:04DEH         LINE#         406
  C:04ECH         LINE#         408
  C:0518H         LINE#         409
  C:0535H         LINE#         411
  C:0543H         LINE#         412
  C:056DH         LINE#         413
  C:058AH         LINE#         414
  C:059AH         LINE#         415
  C:05AAH         LINE#         416
  C:05BEH         LINE#         417
  C:05D0H         LINE#         418
  C:05D2H         LINE#         420
  C:05D2H         LINE#         421
  C:05D5H         LINE#         422
  C:05D5H         LINE#         423
BL51 BANKED LINKER/LOCATER V6.22                                                      09/07/2015  18:06:53  PAGE 14


  C:05E0H         LINE#         424
  C:05E5H         LINE#         425
  C:05E5H         LINE#         426
  -------         ENDPROC       _SEND_RESPONSE_FOR_WRITE_A
  -------         PROC          _CHECK_REQUSET_FOR_CHANGEBLENAME
  D:0000H         SYMBOL        received
  C:1844H         LINE#         429
  C:184AH         LINE#         430
  C:184AH         LINE#         447
  C:184BH         LINE#         449
  -------         ENDPROC       _CHECK_REQUSET_FOR_CHANGEBLENAME
  -------         PROC          _SEND_RESPONSE_FOR_CHANGEBLENAME
  D:0035H         SYMBOL        received
  -------         DO            
  D:0038H         SYMBOL        send_data
  D:0007H         SYMBOL        i
  -------         ENDDO         
  C:05EEH         LINE#         450
  C:05F4H         LINE#         451
  C:05F4H         LINE#         453
  C:0603H         LINE#         454
  C:0606H         LINE#         455
  C:0614H         LINE#         456
  C:0614H         LINE#         457
  C:0617H         LINE#         460
  C:0624H         LINE#         461
  C:0632H         LINE#         463
  C:065EH         LINE#         464
  C:067BH         LINE#         466
  C:0689H         LINE#         467
  C:06B3H         LINE#         468
  C:06D0H         LINE#         469
  C:06E0H         LINE#         470
  C:06F0H         LINE#         471
  C:0704H         LINE#         472
  C:0716H         LINE#         473
  C:0718H         LINE#         475
  C:0718H         LINE#         476
  C:071BH         LINE#         477
  C:071BH         LINE#         478
  C:0726H         LINE#         479
  C:072BH         LINE#         480
  C:072BH         LINE#         481
  -------         ENDPROC       _SEND_RESPONSE_FOR_CHANGEBLENAME
  -------         PROC          _READ_STATUS_KEY_CABINET
  D:004DH         SYMBOL        key_cabinet_number
  C:1860H         LINE#         484
  C:1862H         LINE#         485
  C:1862H         LINE#         486
  C:1863H         LINE#         487
  -------         ENDPROC       _READ_STATUS_KEY_CABINET
  -------         PROC          _CHECK_REQUSET_FOR_READ_STATUS_FOR_KEY_CABINET
  D:004DH         SYMBOL        received
  C:184CH         LINE#         489
  C:1852H         LINE#         490
  C:1852H         LINE#         501
  C:1853H         LINE#         502
BL51 BANKED LINKER/LOCATER V6.22                                                      09/07/2015  18:06:53  PAGE 15


  -------         ENDPROC       _CHECK_REQUSET_FOR_READ_STATUS_FOR_KEY_CABINET
  -------         PROC          _SEND_RESPONSE_FOR_READ_STATUS_FOR_KEY_CABINET
  D:0035H         SYMBOL        received
  -------         DO            
  D:0038H         SYMBOL        send_data
  D:004CH         SYMBOL        i
  D:0006H         SYMBOL        code_key_cabinet
  -------         ENDDO         
  C:0A27H         LINE#         504
  C:0A2DH         LINE#         505
  C:0A2DH         LINE#         507
  C:0A3CH         LINE#         508
  C:0A3FH         LINE#         509
  C:0A4AH         LINE#         510
  C:0A4AH         LINE#         511
  C:0A4DH         LINE#         514
  C:0A4FH         LINE#         515
  C:0A52H         LINE#         516
  C:0A76H         LINE#         517
  C:0A86H         LINE#         518
  C:0A96H         LINE#         519
  C:0AA7H         LINE#         520
  C:0AB7H         LINE#         521
  C:0AB9H         LINE#         523
  C:0AB9H         LINE#         524
  C:0ABCH         LINE#         525
  C:0ABFH         LINE#         526
  C:0ACDH         LINE#         527
  C:0AD2H         LINE#         528
  C:0AD2H         LINE#         529
  -------         ENDPROC       _SEND_RESPONSE_FOR_READ_STATUS_FOR_KEY_CABINET
  -------         PROC          BLE_PROCESS_RECIEVED
  -------         DO            
  D:0021H         SYMBOL        received
  -------         ENDDO         
  C:181AH         LINE#         532
  C:181AH         LINE#         534
  -------         ENDPROC       BLE_PROCESS_RECIEVED
  -------         PROC          REQUEST_PROCESS_RECIEVED
  -------         DO            
  D:0021H         SYMBOL        received
  -------         ENDDO         
  C:0D23H         LINE#         566
  C:0D23H         LINE#         567
  C:0D23H         LINE#         569
  C:0D2CH         LINE#         570
  C:0D3FH         LINE#         571
  C:0D48H         LINE#         572
  C:0D48H         LINE#         573
  C:0D4DH         LINE#         574
  C:0D56H         LINE#         575
  C:0D56H         LINE#         576
  C:0D5BH         LINE#         577
  C:0D64H         LINE#         578
  C:0D69H         LINE#         579
  C:0D72H         LINE#         580
  C:0D77H         LINE#         581
BL51 BANKED LINKER/LOCATER V6.22                                                      09/07/2015  18:06:53  PAGE 16


  C:0D80H         LINE#         582
  C:0D85H         LINE#         583
  C:0D8EH         LINE#         584
  C:0D93H         LINE#         585
  C:0D9CH         LINE#         586
  C:0D9CH         LINE#         587
  -------         ENDPROC       REQUEST_PROCESS_RECIEVED
  -------         PROC          UART1_INT
  C:0ADBH         LINE#         626
  C:0AE8H         LINE#         628
  C:0AEBH         LINE#         629
  C:0AEBH         LINE#         630
  C:0AF1H         LINE#         631
  C:0AF1H         LINE#         633
  C:0AFAH         LINE#         634
  C:0AFCH         LINE#         659
  C:0AFCH         LINE#         660
  C:0B10H         LINE#         661
  C:0B17H         LINE#         662
  C:0B17H         LINE#         663
  C:0B1DH         LINE#         664
  C:0B24H         LINE#         665
  C:0B27H         LINE#         666
  C:0B27H         LINE#         667
  C:0B27H         LINE#         669
  C:0B29H         LINE#         670
  C:0B29H         LINE#         672
  C:0B32H         LINE#         673
  C:0B43H         LINE#         674
  C:0B43H         LINE#         675
  C:0B45H         LINE#         676
  C:0B45H         LINE#         678
  C:0B48H         LINE#         679
  C:0B48H         LINE#         680
  C:0B4AH         LINE#         681
  C:0B56H         LINE#         682
  C:0B56H         LINE#         683
  C:0B63H         LINE#         684
  C:0B6EH         LINE#         685
  C:0B70H         LINE#         686
  C:0B72H         LINE#         688
  C:0B77H         LINE#         689
  C:0B77H         LINE#         690
  -------         ENDPROC       UART1_INT
  -------         ENDMOD        BLE

  -------         MODULE        SYNC
  C:0000H         SYMBOL        _ICE_DUMMY_
  D:0000H         PUBLIC        counter_for_second_driver
  D:0080H         PUBLIC        P0
  D:0090H         PUBLIC        P1
  D:00A0H         PUBLIC        P2
  D:00B0H         PUBLIC        P3
  D:00C0H         PUBLIC        P4
  D:00C8H         PUBLIC        P5
  D:00E8H         PUBLIC        P6
  D:00F8H         PUBLIC        P7
BL51 BANKED LINKER/LOCATER V6.22                                                      09/07/2015  18:06:53  PAGE 17


  D:00A8H         PUBLIC        IE
  D:00B8H         PUBLIC        IP
  D:0001H         SYMBOL        counter_for_timeout
  C:180DH         PUBLIC        reset_all_counters
  D:0002H         SYMBOL        counter_for_driver
  D:00D8H         PUBLIC        CCON
  D:0098H         PUBLIC        SCON
  D:0089H         PUBLIC        TMOD
  D:0088H         PUBLIC        TCON
  D:00F0H         PUBLIC        B
  D:008EH         PUBLIC        AUXR
  C:1600H         PUBLIC        tm0_isr
  D:00E0H         PUBLIC        ACC
  B:00A8H.1       PUBLIC        ET0
  D:008CH         PUBLIC        TH0
  C:1783H         PUBLIC        init_system_tick
  D:008AH         PUBLIC        TL0
  B:0088H.4       PUBLIC        TR0
  C:1823H         PUBLIC        sync_with_alert
  D:0003H         SYMBOL        counter_for_second_time_out
  D:00D0H         PUBLIC        PSW
  -------         PROC          RESET_ALL_COUNTERS
  C:180DH         LINE#         13
  C:180DH         LINE#         14
  C:1810H         LINE#         15
  C:1813H         LINE#         16
  C:1816H         LINE#         17
  C:1819H         LINE#         18
  -------         ENDPROC       RESET_ALL_COUNTERS
  -------         PROC          INIT_SYSTEM_TICK
  C:1783H         LINE#         21
  C:1783H         LINE#         22
  C:1786H         LINE#         23
  C:1789H         LINE#         24
  C:178CH         LINE#         25
  C:1792H         LINE#         26
  C:1794H         LINE#         27
  C:1796H         LINE#         28
  -------         ENDPROC       INIT_SYSTEM_TICK
  -------         PROC          SYNC_WITH_ALERT
  -------         DO            
  D:0007H         SYMBOL        i
  D:0006H         SYMBOL        j
  -------         ENDDO         
  C:1823H         LINE#         30
  C:1823H         LINE#         31
  C:1823H         LINE#         33
  C:1825H         LINE#         34
  C:1827H         LINE#         36
  C:1827H         LINE#         37
  C:1829H         LINE#         38
  C:182BH         LINE#         39
  -------         ENDPROC       SYNC_WITH_ALERT
  -------         PROC          TM0_ISR
  C:1600H         LINE#         42
  C:1606H         LINE#         44
  C:1609H         LINE#         45
BL51 BANKED LINKER/LOCATER V6.22                                                      09/07/2015  18:06:53  PAGE 18


  C:1609H         LINE#         46
  C:160CH         LINE#         47
  C:160CH         LINE#         48
  C:160CH         LINE#         49
  C:160FH         LINE#         50
  C:1612H         LINE#         51
  C:1612H         LINE#         52
  C:1612H         LINE#         53
  C:1619H         LINE#         54
  C:161CH         LINE#         55
  C:161CH         LINE#         56
  C:161CH         LINE#         57
  C:161CH         LINE#         59
  C:161FH         LINE#         60
  C:161FH         LINE#         61
  C:1622H         LINE#         62
  C:1622H         LINE#         63
  C:1622H         LINE#         64
  C:1625H         LINE#         65
  C:1628H         LINE#         66
  C:1628H         LINE#         67
  C:1628H         LINE#         68
  C:162FH         LINE#         69
  C:1632H         LINE#         70
  C:1632H         LINE#         71
  C:1632H         LINE#         72
  C:1632H         LINE#         73
  -------         ENDPROC       TM0_ISR
  -------         ENDMOD        SYNC

  -------         MODULE        USART
  C:0000H         SYMBOL        _ICE_DUMMY_
  C:1727H         PUBLIC        USART_Share_Timer2
  D:0080H         PUBLIC        P0
  D:0090H         PUBLIC        P1
  C:000EH         PUBLIC        _USART_Finish_Rx
  D:00A0H         PUBLIC        P2
  D:00B0H         PUBLIC        P3
  D:00C0H         PUBLIC        P4
  D:00C8H         PUBLIC        P5
  D:00E8H         PUBLIC        P6
  D:00F8H         PUBLIC        P7
  C:1669H         PUBLIC        _USART_Init
  D:00A8H         PUBLIC        IE
  X:0061H         PUBLIC        COM1
  D:00B8H         PUBLIC        IP
  D:00D8H         PUBLIC        CCON
  D:0098H         PUBLIC        SCON
  D:0088H         PUBLIC        TCON
  D:00AFH         PUBLIC        IE2
  D:00F0H         PUBLIC        B
  D:008EH         PUBLIC        AUXR
  D:00E0H         PUBLIC        ACC
  B:0020H.2       SYMBOL        share_timer2_init_finish
  D:00D6H         PUBLIC        TH2
  D:00D7H         PUBLIC        TL2
  C:1190H         PUBLIC        _USART_RX_Block
BL51 BANKED LINKER/LOCATER V6.22                                                      09/07/2015  18:06:53  PAGE 19


  D:00D0H         PUBLIC        PSW
  -------         PROC          USART_SHARE_TIMER2
  C:1727H         LINE#         9
  C:1727H         LINE#         10
  C:172AH         LINE#         11
  C:172DH         LINE#         13
  C:1730H         LINE#         14
  C:1733H         LINE#         15
  C:1739H         LINE#         16
  C:173CH         LINE#         18
  C:173FH         LINE#         20
  C:1741H         LINE#         21
  C:1741H         LINE#         22
  -------         ENDPROC       USART_SHARE_TIMER2
  -------         PROC          _USART_INIT
  D:0006H         SYMBOL        com
  C:1669H         LINE#         24
  C:1669H         LINE#         25
  C:1669H         LINE#         26
  C:166FH         LINE#         27
  C:1671H         LINE#         28
  C:1678H         LINE#         29
  C:1680H         LINE#         30
  C:168BH         LINE#         31
  C:1696H         LINE#         32
  -------         ENDPROC       _USART_INIT
  -------         PROC          _USART_RX_BLOCK
  D:0006H         SYMBOL        com
  C:1190H         LINE#         35
  C:1190H         LINE#         36
  C:1190H         LINE#         37
  C:119AH         LINE#         38
  C:119CH         LINE#         40
  C:11B6H         LINE#         41
  C:11C2H         LINE#         43
  C:11CEH         LINE#         44
  C:11DAH         LINE#         46
  C:11E6H         LINE#         47
  -------         ENDPROC       _USART_RX_BLOCK
  -------         PROC          _USART_FINISH_RX
  D:0006H         SYMBOL        com
  C:000EH         LINE#         49
  C:000EH         LINE#         50
  C:000EH         LINE#         51
  C:0017H         LINE#         52
  C:0022H         LINE#         53
  -------         ENDPROC       _USART_FINISH_RX
  -------         ENDMOD        USART

  -------         MODULE        MAIN
  C:0000H         SYMBOL        _ICE_DUMMY_
  D:0080H         PUBLIC        P0
  D:0090H         PUBLIC        P1
  D:00A0H         PUBLIC        P2
  D:00CAH         PUBLIC        P5M0
  D:00B0H         PUBLIC        P3
  D:00C9H         PUBLIC        P5M1
BL51 BANKED LINKER/LOCATER V6.22                                                      09/07/2015  18:06:53  PAGE 20


  D:00C0H         PUBLIC        P4
  D:00C8H         PUBLIC        P5
  B:00A8H.7       PUBLIC        EA
  D:00E8H         PUBLIC        P6
  D:00F8H         PUBLIC        P7
  D:00A8H         PUBLIC        IE
  C:1864H         SYMBOL        init_logic_params
  D:00B8H         PUBLIC        IP
  D:00D8H         PUBLIC        CCON
  C:0E05H         PUBLIC        main
  D:0098H         PUBLIC        SCON
  C:1854H         PUBLIC        instant_effective_init
  D:0088H         PUBLIC        TCON
  B:00C8H.5       PUBLIC        P55
  D:00F0H         PUBLIC        B
  D:00E0H         PUBLIC        ACC
  D:00C1H         PUBLIC        WDT_CONTR
  C:17E1H         PUBLIC        Delay500ms
  C:185AH         SYMBOL        init_system_component
  D:00D0H         PUBLIC        PSW
  -------         PROC          DELAY500MS
  -------         DO            
  D:0007H         SYMBOL        i
  D:0006H         SYMBOL        j
  D:0005H         SYMBOL        k
  -------         ENDDO         
  C:17E1H         LINE#         17
  C:17E1H         LINE#         18
  C:17E1H         LINE#         21
  C:17E2H         LINE#         22
  C:17E3H         LINE#         23
  C:17E5H         LINE#         24
  C:17E7H         LINE#         25
  C:17E9H         LINE#         27
  C:17E9H         LINE#         29
  C:17E9H         LINE#         30
  C:17EBH         LINE#         31
  C:17EDH         LINE#         32
  C:17EFH         LINE#         33
  -------         ENDPROC       DELAY500MS
  -------         PROC          INSTANT_EFFECTIVE_INIT
  C:1854H         LINE#         36
  C:1854H         LINE#         37
  C:1857H         LINE#         38
  -------         ENDPROC       INSTANT_EFFECTIVE_INIT
  -------         PROC          MAIN
  C:0E05H         LINE#         42
  C:0E05H         LINE#         43
  C:0E05H         LINE#         45
  C:0E07H         LINE#         48
  C:0E0AH         LINE#         49
  C:0E0DH         LINE#         51
  C:0E13H         LINE#         53
  C:0E15H         LINE#         54
  C:0E15H         LINE#         56
  C:0E1BH         LINE#         57
  C:0E22H         LINE#         58
BL51 BANKED LINKER/LOCATER V6.22                                                      09/07/2015  18:06:53  PAGE 21


  C:0E22H         LINE#         59
  C:0E25H         LINE#         60
  C:0E2CH         LINE#         61
  C:0E2EH         LINE#         62
  C:0E2EH         LINE#         64
  C:0E35H         LINE#         65
  C:0E35H         LINE#         67
  C:0E37H         LINE#         69
  C:0E39H         LINE#         70
  C:0E3DH         LINE#         71
  C:0E3FH         LINE#         72
  C:0E3FH         LINE#         74
  C:0E46H         LINE#         75
  C:0E46H         LINE#         77
  C:0E48H         LINE#         79
  C:0E4BH         LINE#         80
  C:0E52H         LINE#         81
  C:0E54H         LINE#         82
  C:0E54H         LINE#         84
  C:0E5BH         LINE#         85
  C:0E5BH         LINE#         86
  C:0E5EH         LINE#         87
  C:0E65H         LINE#         88
  -------         ENDPROC       MAIN
  -------         PROC          INIT_SYSTEM_COMPONENT
  C:185AH         LINE#         94
  C:185AH         LINE#         96
  C:185DH         LINE#         99
  -------         ENDPROC       INIT_SYSTEM_COMPONENT
  -------         PROC          INIT_LOGIC_PARAMS
  C:1864H         LINE#         102
  C:1864H         LINE#         103
  C:1866H         LINE#         104
  -------         ENDPROC       INIT_LOGIC_PARAMS
  -------         ENDMOD        MAIN

  -------         MODULE        TASK
  C:0000H         SYMBOL        _ICE_DUMMY_
  D:0080H         PUBLIC        P0
  D:0090H         PUBLIC        P1
  X:0067H         PUBLIC        INT_PROC
  D:00A0H         PUBLIC        P2
  D:00B0H         PUBLIC        P3
  D:00C0H         PUBLIC        P4
  D:00C8H         PUBLIC        P5
  D:00E8H         PUBLIC        P6
  D:00F8H         PUBLIC        P7
  D:00A8H         PUBLIC        IE
  D:00B8H         PUBLIC        IP
  D:00D8H         PUBLIC        CCON
  D:0098H         PUBLIC        SCON
  D:0088H         PUBLIC        TCON
  D:00F0H         PUBLIC        B
  D:00E0H         PUBLIC        ACC
  D:00D0H         PUBLIC        PSW
  -------         ENDMOD        TASK

BL51 BANKED LINKER/LOCATER V6.22                                                      09/07/2015  18:06:53  PAGE 22


  -------         MODULE        SHARE
  C:0000H         SYMBOL        _ICE_DUMMY_
  D:0080H         PUBLIC        P0
  D:0090H         PUBLIC        P1
  D:00A0H         PUBLIC        P2
  D:00B0H         PUBLIC        P3
  D:00C0H         PUBLIC        P4
  D:00C8H         PUBLIC        P5
  D:00E8H         PUBLIC        P6
  D:00F8H         PUBLIC        P7
  D:00A8H         PUBLIC        IE
  D:00B8H         PUBLIC        IP
  B:0020H.0       PUBLIC        candidate_driver_signal_recieving
  D:00D8H         PUBLIC        CCON
  D:0098H         PUBLIC        SCON
  D:0088H         PUBLIC        TCON
  D:00F0H         PUBLIC        B
  D:00E0H         PUBLIC        ACC
  B:0020H.1       PUBLIC        candidate_time_out_signal_recieving
  D:00D0H         PUBLIC        PSW
  -------         ENDMOD        SHARE

  -------         MODULE        UTILS
  C:0000H         SYMBOL        _ICE_DUMMY_
  D:0080H         PUBLIC        P0
  D:0090H         PUBLIC        P1
  D:00A0H         PUBLIC        P2
  C:131AH         SYMBOL        _Store_Counter_for_Open_flood_door
  D:00B0H         PUBLIC        P3
  D:00C0H         PUBLIC        P4
  D:00C8H         PUBLIC        P5
  D:00E8H         PUBLIC        P6
  D:00F8H         PUBLIC        P7
  D:00A8H         PUBLIC        IE
  C:13AEH         SYMBOL        _Store_Counter_for_Write_A
  C:15C6H         PUBLIC        _Read_Counter_for_change_BLEname
  C:158CH         PUBLIC        _Read_Timestamp
  D:00B8H         PUBLIC        IP
  C:1518H         SYMBOL        _Read_A
  C:1552H         SYMBOL        _Read_B
  C:13F8H         SYMBOL        _Store_Counter_for_change_BLEname
  C:0F7AH         SYMBOL        Read_Counter_for_Read_A_and_B
  D:00D8H         PUBLIC        CCON
  C:1639H         SYMBOL        _AND_Creat
  C:0E67H         SYMBOL        _CRC_Creat
  C:1238H         SYMBOL        _Store_Timestamp
  C:148CH         SYMBOL        _Store_A
  C:14D2H         SYMBOL        _Store_B
  C:0D9DH         SYMBOL        _Exclusive_Or_Creat
  D:0098H         PUBLIC        SCON
  D:0088H         PUBLIC        TCON
  C:1364H         SYMBOL        _Store_Counter_for_Read_A_and_B
  D:00F0H         PUBLIC        B
  C:0CA2H         SYMBOL        _CheckExclusive_Or
  D:00E0H         PUBLIC        ACC
  C:0EC6H         SYMBOL        Read_Counter_for_Open_key_cabinet
  C:17F0H         SYMBOL        _ChecksimpleCRC
BL51 BANKED LINKER/LOCATER V6.22                                                      09/07/2015  18:06:53  PAGE 23


  C:1285H         SYMBOL        _Order_Over_Creat
  C:12D0H         SYMBOL        _Store_Counter_for_Open_key_cabinet
  C:1087H         SYMBOL        _CheckOrder_Over
  C:1442H         SYMBOL        _Complement_Creat
  C:0F20H         SYMBOL        Read_Counter_for_Open_flood_door
  C:1797H         SYMBOL        _CheckAnd
  D:00D0H         PUBLIC        PSW
  C:10E0H         SYMBOL        _CheckComplement
  C:0FD4H         SYMBOL        Read_Counter_for_Write_A
  -------         PROC          _STORE_COUNTER_FOR_OPEN_KEY_CABINET
  D:0000H         SYMBOL        counter
  -------         DO            
  D:0004H         SYMBOL        i
  -------         ENDDO         
  C:12D0H         LINE#         3
  C:12D8H         LINE#         4
  C:12D8H         LINE#         6
  C:12DBH         LINE#         7
  C:12DBH         LINE#         8
  C:12E7H         LINE#         9
  C:1310H         LINE#         10
  C:1319H         LINE#         11
  -------         ENDPROC       _STORE_COUNTER_FOR_OPEN_KEY_CABINET
  -------         PROC          _STORE_COUNTER_FOR_OPEN_FLOOD_DOOR
  D:0000H         SYMBOL        counter
  -------         DO            
  D:0004H         SYMBOL        i
  -------         ENDDO         
  C:131AH         LINE#         13
  C:1322H         LINE#         14
  C:1322H         LINE#         16
  C:1325H         LINE#         17
  C:1325H         LINE#         18
  C:1331H         LINE#         19
  C:135AH         LINE#         20
  C:1363H         LINE#         21
  -------         ENDPROC       _STORE_COUNTER_FOR_OPEN_FLOOD_DOOR
  -------         PROC          _STORE_COUNTER_FOR_READ_A_AND_B
  D:0000H         SYMBOL        counter
  -------         DO            
  D:0004H         SYMBOL        i
  -------         ENDDO         
  C:1364H         LINE#         23
  C:136CH         LINE#         24
  C:136CH         LINE#         26
  C:136FH         LINE#         27
  C:136FH         LINE#         28
  C:137BH         LINE#         29
  C:13A4H         LINE#         30
  C:13ADH         LINE#         31
  -------         ENDPROC       _STORE_COUNTER_FOR_READ_A_AND_B
  -------         PROC          _STORE_COUNTER_FOR_WRITE_A
  D:0000H         SYMBOL        counter
  -------         DO            
  D:0004H         SYMBOL        i
  -------         ENDDO         
  C:13AEH         LINE#         33
BL51 BANKED LINKER/LOCATER V6.22                                                      09/07/2015  18:06:53  PAGE 24


  C:13B6H         LINE#         34
  C:13B6H         LINE#         36
  C:13B9H         LINE#         37
  C:13B9H         LINE#         38
  C:13C5H         LINE#         39
  C:13EEH         LINE#         40
  C:13F7H         LINE#         41
  -------         ENDPROC       _STORE_COUNTER_FOR_WRITE_A
  -------         PROC          _STORE_A
  D:0000H         SYMBOL        data_A
  D:0003H         SYMBOL        data_from
  D:0004H         SYMBOL        data_end
  -------         DO            
  D:0005H         SYMBOL        i
  -------         ENDDO         
  C:148CH         LINE#         42
  C:1494H         LINE#         43
  C:1494H         LINE#         45
  C:149EH         LINE#         46
  C:149EH         LINE#         47
  C:14B1H         LINE#         48
  C:14CDH         LINE#         49
  C:14D1H         LINE#         50
  -------         ENDPROC       _STORE_A
  -------         PROC          _STORE_B
  D:0000H         SYMBOL        data_B
  D:0003H         SYMBOL        data_from
  D:0004H         SYMBOL        data_end
  -------         DO            
  D:0005H         SYMBOL        i
  -------         ENDDO         
  C:14D2H         LINE#         52
  C:14DAH         LINE#         53
  C:14DAH         LINE#         55
  C:14E4H         LINE#         56
  C:14E4H         LINE#         57
  C:14F7H         LINE#         58
  C:1513H         LINE#         59
  C:1517H         LINE#         60
  -------         ENDPROC       _STORE_B
  -------         PROC          _STORE_TIMESTAMP
  D:0000H         SYMBOL        received
  D:0003H         SYMBOL        data_from
  D:0004H         SYMBOL        data_end
  -------         DO            
  D:0005H         SYMBOL        i
  -------         ENDDO         
  C:1238H         LINE#         62
  C:1240H         LINE#         63
  C:1240H         LINE#         65
  C:124AH         LINE#         66
  C:124AH         LINE#         67
  C:125DH         LINE#         68
  C:1280H         LINE#         69
  C:1284H         LINE#         71
  -------         ENDPROC       _STORE_TIMESTAMP
  -------         PROC          _STORE_COUNTER_FOR_CHANGE_BLENAME
BL51 BANKED LINKER/LOCATER V6.22                                                      09/07/2015  18:06:53  PAGE 25


  D:0000H         SYMBOL        counter
  -------         DO            
  D:0004H         SYMBOL        i
  -------         ENDDO         
  C:13F8H         LINE#         73
  C:1400H         LINE#         74
  C:1400H         LINE#         76
  C:1403H         LINE#         77
  C:1403H         LINE#         78
  C:140FH         LINE#         79
  C:1438H         LINE#         80
  C:1441H         LINE#         81
  -------         ENDPROC       _STORE_COUNTER_FOR_CHANGE_BLENAME
  -------         PROC          READ_COUNTER_FOR_OPEN_KEY_CABINET
  -------         DO            
  D:0000H         SYMBOL        i
  D:0001H         SYMBOL        counter
  -------         ENDDO         
  C:0EC6H         LINE#         83
  C:0EC6H         LINE#         84
  C:0EC6H         LINE#         86
  C:0ECFH         LINE#         87
  C:0ED1H         LINE#         88
  C:0F17H         LINE#         89
  C:0F1FH         LINE#         90
  -------         ENDPROC       READ_COUNTER_FOR_OPEN_KEY_CABINET
  -------         PROC          READ_COUNTER_FOR_OPEN_FLOOD_DOOR
  -------         DO            
  D:0000H         SYMBOL        i
  D:0001H         SYMBOL        counter
  -------         ENDDO         
  C:0F20H         LINE#         92
  C:0F20H         LINE#         93
  C:0F20H         LINE#         95
  C:0F29H         LINE#         96
  C:0F2BH         LINE#         97
  C:0F71H         LINE#         98
  C:0F79H         LINE#         99
  -------         ENDPROC       READ_COUNTER_FOR_OPEN_FLOOD_DOOR
  -------         PROC          READ_COUNTER_FOR_READ_A_AND_B
  -------         DO            
  D:0000H         SYMBOL        i
  D:0001H         SYMBOL        counter
  -------         ENDDO         
  C:0F7AH         LINE#         101
  C:0F7AH         LINE#         102
  C:0F7AH         LINE#         104
  C:0F83H         LINE#         105
  C:0F85H         LINE#         106
  C:0FCBH         LINE#         107
  C:0FD3H         LINE#         108
  -------         ENDPROC       READ_COUNTER_FOR_READ_A_AND_B
  -------         PROC          READ_COUNTER_FOR_WRITE_A
  -------         DO            
  D:0000H         SYMBOL        i
  D:0001H         SYMBOL        counter
  -------         ENDDO         
BL51 BANKED LINKER/LOCATER V6.22                                                      09/07/2015  18:06:53  PAGE 26


  C:0FD4H         LINE#         110
  C:0FD4H         LINE#         111
  C:0FD4H         LINE#         113
  C:0FDDH         LINE#         114
  C:0FDFH         LINE#         115
  C:1025H         LINE#         116
  C:102DH         LINE#         117
  -------         ENDPROC       READ_COUNTER_FOR_WRITE_A
  -------         PROC          _READ_A
  D:0000H         SYMBOL        send_data
  D:0003H         SYMBOL        data_from
  D:0004H         SYMBOL        data_end
  -------         DO            
  D:0005H         SYMBOL        i
  -------         ENDDO         
  C:1518H         LINE#         119
  C:1520H         LINE#         120
  C:1520H         LINE#         122
  C:152AH         LINE#         123
  C:1551H         LINE#         124
  -------         ENDPROC       _READ_A
  -------         PROC          _READ_B
  D:0000H         SYMBOL        send_data
  D:0003H         SYMBOL        data_from
  D:0004H         SYMBOL        data_end
  -------         DO            
  D:0005H         SYMBOL        i
  -------         ENDDO         
  C:1552H         LINE#         126
  C:155AH         LINE#         127
  C:155AH         LINE#         129
  C:1564H         LINE#         130
  C:158BH         LINE#         131
  -------         ENDPROC       _READ_B
  -------         PROC          _READ_TIMESTAMP
  D:0052H         SYMBOL        send_data
  D:0055H         SYMBOL        data_from
  D:0056H         SYMBOL        data_end
  -------         DO            
  D:0057H         SYMBOL        i
  -------         ENDDO         
  C:158CH         LINE#         133
  C:1594H         LINE#         134
  C:1594H         LINE#         136
  C:159EH         LINE#         137
  C:15C5H         LINE#         139
  -------         ENDPROC       _READ_TIMESTAMP
  -------         PROC          _READ_COUNTER_FOR_CHANGE_BLENAME
  D:0000H         SYMBOL        send_data
  D:0003H         SYMBOL        data_from
  D:0004H         SYMBOL        data_end
  -------         DO            
  D:0005H         SYMBOL        i
  -------         ENDDO         
  C:15C6H         LINE#         141
  C:15CEH         LINE#         142
  C:15CEH         LINE#         144
BL51 BANKED LINKER/LOCATER V6.22                                                      09/07/2015  18:06:53  PAGE 27


  C:15D8H         LINE#         145
  C:15FFH         LINE#         147
  -------         ENDPROC       _READ_COUNTER_FOR_CHANGE_BLENAME
  -------         PROC          _CRC_CREAT
  D:0019H         SYMBOL        receive
  D:0005H         SYMBOL        start
  D:001DH         SYMBOL        end
  -------         DO            
  D:0005H         SYMBOL        i
  D:0006H         SYMBOL        j
  D:001EH         SYMBOL        store
  D:001FH         SYMBOL        odd
  D:0007H         SYMBOL        CRC_creat
  -------         ENDDO         
  C:0E67H         LINE#         149
  C:0E6DH         LINE#         150
  C:0E6DH         LINE#         151
  C:0E6FH         LINE#         152
  C:0E75H         LINE#         153
  C:0E75H         LINE#         154
  C:0E78H         LINE#         155
  C:0E79H         LINE#         156
  C:0E79H         LINE#         157
  C:0E89H         LINE#         158
  C:0E97H         LINE#         159
  C:0EAEH         LINE#         160
  C:0EB0H         LINE#         161
  C:0EB4H         LINE#         162
  C:0EB9H         LINE#         163
  C:0EBEH         LINE#         165
  C:0EC2H         LINE#         166
  C:0EC5H         LINE#         167
  C:0EC5H         LINE#         168
  -------         ENDPROC       _CRC_CREAT
  -------         PROC          _CHECKSIMPLECRC
  D:0001H         SYMBOL        receive
  D:0005H         SYMBOL        data_from
  D:0004H         SYMBOL        data_end
  D:0005H         SYMBOL        CRC_check
  -------         DO            
  D:0007H         SYMBOL        CRC_creat
  -------         ENDDO         
  C:17F0H         LINE#         170
  C:17F0H         LINE#         171
  C:17F0H         LINE#         173
  C:17F6H         LINE#         174
  C:17FBH         LINE#         175
  C:17FDH         LINE#         177
  C:17FEH         LINE#         178
  -------         ENDPROC       _CHECKSIMPLECRC
  -------         PROC          _AND_CREAT
  D:0000H         SYMBOL        receive
  D:0005H         SYMBOL        data_from
  D:0004H         SYMBOL        data_end
  -------         DO            
  D:0005H         SYMBOL        i
  D:0005H         SYMBOL        AND_creat
BL51 BANKED LINKER/LOCATER V6.22                                                      09/07/2015  18:06:53  PAGE 28


  -------         ENDDO         
  C:1639H         LINE#         181
  C:163FH         LINE#         182
  C:163FH         LINE#         184
  C:1644H         LINE#         185
  C:164AH         LINE#         186
  C:164AH         LINE#         187
  C:1661H         LINE#         188
  C:1664H         LINE#         189
  C:1668H         LINE#         190
  -------         ENDPROC       _AND_CREAT
  -------         PROC          _CHECKAND
  D:0001H         SYMBOL        receive
  D:0005H         SYMBOL        data_from
  D:0004H         SYMBOL        data_end
  D:0005H         SYMBOL        and_check_1
  D:0006H         SYMBOL        and_check_2
  -------         DO            
  D:0004H         SYMBOL        and_creat
  -------         ENDDO         
  C:1797H         LINE#         192
  C:1797H         LINE#         193
  C:1797H         LINE#         195
  C:179FH         LINE#         196
  C:17A7H         LINE#         197
  C:17A9H         LINE#         199
  C:17AAH         LINE#         200
  -------         ENDPROC       _CHECKAND
  -------         PROC          _COMPLEMENT_CREAT
  D:0000H         SYMBOL        receive
  D:0003H         SYMBOL        data_from
  D:0004H         SYMBOL        data_end
  D:0005H         SYMBOL        complemet_creat
  D:0008H         SYMBOL        data_start
  D:0009H         SYMBOL        data_over
  -------         DO            
  D:000AH         SYMBOL        i
  -------         ENDDO         
  C:1442H         LINE#         202
  C:144AH         LINE#         203
  C:144AH         LINE#         205
  C:1454H         LINE#         206
  C:148BH         LINE#         207
  -------         ENDPROC       _COMPLEMENT_CREAT
  -------         PROC          _CHECKCOMPLEMENT
  D:0074H         SYMBOL        receive
  D:0077H         SYMBOL        data_from
  D:0078H         SYMBOL        data_end
  D:0079H         SYMBOL        complement_check
  D:007CH         SYMBOL        data_start
  D:007DH         SYMBOL        data_over
  -------         DO            
  D:007EH         SYMBOL        i
  D:007FH         SYMBOL        j
  -------         ENDDO         
  C:10E0H         LINE#         209
  C:10E8H         LINE#         210
BL51 BANKED LINKER/LOCATER V6.22                                                      09/07/2015  18:06:53  PAGE 29


  C:10E8H         LINE#         211
  C:10EBH         LINE#         212
  C:10F5H         LINE#         213
  C:10F5H         LINE#         214
  C:1126H         LINE#         215
  C:1128H         LINE#         216
  C:112CH         LINE#         217
  C:1134H         LINE#         218
  C:1136H         LINE#         220
  C:1137H         LINE#         222
  -------         ENDPROC       _CHECKCOMPLEMENT
  -------         PROC          _ORDER_OVER_CREAT
  D:0000H         SYMBOL        receive
  D:0003H         SYMBOL        data_from
  D:0004H         SYMBOL        data_end
  D:0005H         SYMBOL        order_over_creat
  D:0008H         SYMBOL        data_start
  D:0009H         SYMBOL        data_over
  -------         DO            
  D:000AH         SYMBOL        i
  -------         ENDDO         
  C:1285H         LINE#         224
  C:128DH         LINE#         225
  C:128DH         LINE#         227
  C:1297H         LINE#         228
  C:12CFH         LINE#         229
  -------         ENDPROC       _ORDER_OVER_CREAT
  -------         PROC          _CHECKORDER_OVER
  D:0000H         SYMBOL        receive
  D:0003H         SYMBOL        data_from
  D:0004H         SYMBOL        data_end
  D:0005H         SYMBOL        order_over_check
  D:0008H         SYMBOL        data_start
  D:0009H         SYMBOL        data_over
  -------         DO            
  D:000AH         SYMBOL        i
  D:000BH         SYMBOL        j
  -------         ENDDO         
  C:1087H         LINE#         231
  C:108FH         LINE#         232
  C:108FH         LINE#         233
  C:1092H         LINE#         234
  C:109CH         LINE#         235
  C:109CH         LINE#         236
  C:10CEH         LINE#         237
  C:10D0H         LINE#         238
  C:10D4H         LINE#         239
  C:10DCH         LINE#         240
  C:10DEH         LINE#         242
  C:10DFH         LINE#         243
  -------         ENDPROC       _CHECKORDER_OVER
  -------         PROC          _EXCLUSIVE_OR_CREAT
  D:0000H         SYMBOL        receive_1
  D:0003H         SYMBOL        data_from
  D:0004H         SYMBOL        data_end
  D:0005H         SYMBOL        receive_2
  D:0008H         SYMBOL        data_start
BL51 BANKED LINKER/LOCATER V6.22                                                      09/07/2015  18:06:53  PAGE 30


  D:0009H         SYMBOL        data_over
  D:000AH         SYMBOL        exclusive_or_creat
  D:000DH         SYMBOL        from
  D:000EH         SYMBOL        end
  -------         DO            
  D:000FH         SYMBOL        i
  -------         ENDDO         
  C:0D9DH         LINE#         245
  C:0DA5H         LINE#         246
  C:0DA5H         LINE#         248
  C:0DAFH         LINE#         249
  C:0E04H         LINE#         251
  -------         ENDPROC       _EXCLUSIVE_OR_CREAT
  -------         PROC          _CHECKEXCLUSIVE_OR
  D:0008H         SYMBOL        receive_1
  D:000BH         SYMBOL        data_from
  D:000CH         SYMBOL        data_end
  D:000DH         SYMBOL        receive_2
  D:0010H         SYMBOL        data_start
  D:0011H         SYMBOL        data_over
  D:0012H         SYMBOL        exclusive_or_check
  D:0015H         SYMBOL        from
  D:0016H         SYMBOL        end
  -------         DO            
  D:0017H         SYMBOL        i
  D:0018H         SYMBOL        j
  -------         ENDDO         
  C:0CA2H         LINE#         254
  C:0CAAH         LINE#         255
  C:0CAAH         LINE#         256
  C:0CADH         LINE#         257
  C:0CB7H         LINE#         258
  C:0CB7H         LINE#         259
  C:0D11H         LINE#         260
  C:0D13H         LINE#         261
  C:0D17H         LINE#         262
  C:0D1FH         LINE#         263
  C:0D21H         LINE#         265
  C:0D22H         LINE#         266
  -------         ENDPROC       _CHECKEXCLUSIVE_OR
  -------         ENDMOD        UTILS

  -------         MODULE        E2PROM
  C:0000H         SYMBOL        _ICE_DUMMY_
  D:0080H         PUBLIC        P0
  D:0090H         PUBLIC        P1
  D:00A0H         PUBLIC        P2
  D:00B0H         PUBLIC        P3
  C:17FFH         PUBLIC        DisableEEPROM
  D:00C0H         PUBLIC        P4
  D:00C8H         PUBLIC        P5
  D:00E8H         PUBLIC        P6
  D:00F8H         PUBLIC        P7
  D:00A8H         PUBLIC        IE
  D:00C5H         PUBLIC        IAP_CMD
  C:17ABH         PUBLIC        _EEPROM_SectorErase
  D:00B8H         PUBLIC        IP
BL51 BANKED LINKER/LOCATER V6.22                                                      09/07/2015  18:06:53  PAGE 31


  D:00C3H         PUBLIC        IAP_ADDRH
  D:00D8H         PUBLIC        CCON
  D:00C4H         PUBLIC        IAP_ADDRL
  D:0098H         PUBLIC        SCON
  D:0088H         PUBLIC        TCON
  D:00F0H         PUBLIC        B
  D:00C7H         PUBLIC        IAP_CONTR
  D:00E0H         PUBLIC        ACC
  C:1742H         PUBLIC        _EEPROM_read
  D:00C2H         PUBLIC        IAP_DATA
  C:1759H         PUBLIC        _EEPROM_write
  D:00C6H         PUBLIC        IAP_TRIG
  D:00D0H         PUBLIC        PSW
  -------         PROC          DISABLEEEPROM
  C:17FFH         LINE#         3
  C:17FFH         LINE#         4
  C:17FFH         LINE#         5
  C:1802H         LINE#         6
  C:1804H         LINE#         7
  C:1806H         LINE#         8
  C:1809H         LINE#         9
  C:180CH         LINE#         10
  -------         ENDPROC       DISABLEEEPROM
  -------         PROC          _EEPROM_READ
  D:0006H         SYMBOL        EE_address
  -------         DO            
  D:0007H         SYMBOL        dat
  -------         ENDDO         
  C:1742H         LINE#         11
  C:1742H         LINE#         12
  C:1742H         LINE#         14
  C:1745H         LINE#         15
  C:1748H         LINE#         16
  C:174AH         LINE#         17
  C:174CH         LINE#         18
  C:174FH         LINE#         19
  C:1752H         LINE#         20
  C:1753H         LINE#         21
  C:1755H         LINE#         22
  C:1758H         LINE#         23
  C:1758H         LINE#         24
  -------         ENDPROC       _EEPROM_READ
  -------         PROC          _EEPROM_SECTORERASE
  D:0006H         SYMBOL        EE_address
  C:17ABH         LINE#         26
  C:17ABH         LINE#         27
  C:17ABH         LINE#         28
  C:17AEH         LINE#         29
  C:17B1H         LINE#         30
  C:17B3H         LINE#         31
  C:17B5H         LINE#         32
  C:17B8H         LINE#         33
  C:17BBH         LINE#         34
  C:17BCH         LINE#         35
  -------         ENDPROC       _EEPROM_SECTORERASE
  -------         PROC          _EEPROM_WRITE
  D:0006H         SYMBOL        EE_address
BL51 BANKED LINKER/LOCATER V6.22                                                      09/07/2015  18:06:53  PAGE 32


  D:0005H         SYMBOL        dat
  C:1759H         LINE#         38
  C:1759H         LINE#         39
  C:1759H         LINE#         41
  C:175CH         LINE#         42
  C:175FH         LINE#         43
  C:1761H         LINE#         44
  C:1763H         LINE#         45
  C:1765H         LINE#         46
  C:1768H         LINE#         47
  C:176BH         LINE#         48
  C:176CH         LINE#         49
  -------         ENDPROC       _EEPROM_WRITE
  -------         ENDMOD        E2PROM

  -------         MODULE        ?C?COPY
  C:00F6H         PUBLIC        ?C?COPY
  -------         ENDMOD        ?C?COPY

  -------         MODULE        ?C?CLDPTR
  C:011CH         PUBLIC        ?C?CLDPTR
  -------         ENDMOD        ?C?CLDPTR

  -------         MODULE        ?C?CLDOPTR
  C:0135H         PUBLIC        ?C?CLDOPTR
  -------         ENDMOD        ?C?CLDOPTR

  -------         MODULE        ?C?CSTPTR
  C:0162H         PUBLIC        ?C?CSTPTR
  -------         ENDMOD        ?C?CSTPTR

  -------         MODULE        ?C?CSTOPTR
  C:0174H         PUBLIC        ?C?CSTOPTR
  -------         ENDMOD        ?C?CSTOPTR

  -------         MODULE        ?C?ULSHR
  C:0196H         PUBLIC        ?C?ULSHR
  -------         ENDMOD        ?C?ULSHR

  -------         MODULE        ?C?LSHL
  C:01A9H         PUBLIC        ?C?LSHL
  -------         ENDMOD        ?C?LSHL

  -------         MODULE        STRCAT
  D:0000H         PUBLIC        ?_strcat?BYTE
  C:1138H         PUBLIC        _strcat
  -------         ENDMOD        STRCAT

  -------         MODULE        ?C?MEMSET
  C:01BCH         PUBLIC        ?C?MEMSET
  -------         ENDMOD        ?C?MEMSET

*** WARNING L16: UNCALLED SEGMENT, IGNORED FOR OVERLAY PROCESS
    SEGMENT: ?PR?_BLE_CHANGEBLENAME?BLE

*** WARNING L16: UNCALLED SEGMENT, IGNORED FOR OVERLAY PROCESS
    SEGMENT: ?PR?_CHECK_REQUSET_FOR_OPEN_KEY_CABINET?BLE
BL51 BANKED LINKER/LOCATER V6.22                                                      09/07/2015  18:06:53  PAGE 33



*** WARNING L16: UNCALLED SEGMENT, IGNORED FOR OVERLAY PROCESS
    SEGMENT: ?PR?_CHECK_REQUSET_FOR_CHANGEBLENAME?BLE

*** WARNING L16: UNCALLED SEGMENT, IGNORED FOR OVERLAY PROCESS
    SEGMENT: ?PR?RESET_ALL_COUNTERS?SYNC

*** WARNING L16: UNCALLED SEGMENT, IGNORED FOR OVERLAY PROCESS
    SEGMENT: ?PR?_USART_RX_BLOCK?USART

*** WARNING L16: UNCALLED SEGMENT, IGNORED FOR OVERLAY PROCESS
    SEGMENT: ?PR?_USART_FINISH_RX?USART

*** WARNING L16: UNCALLED SEGMENT, IGNORED FOR OVERLAY PROCESS
    SEGMENT: ?PR?_STORE_COUNTER_FOR_OPEN_KEY_CABINET?UTILS

*** WARNING L16: UNCALLED SEGMENT, IGNORED FOR OVERLAY PROCESS
    SEGMENT: ?PR?_STORE_COUNTER_FOR_OPEN_FLOOD_DOOR?UTILS

*** WARNING L16: UNCALLED SEGMENT, IGNORED FOR OVERLAY PROCESS
    SEGMENT: ?PR?_STORE_COUNTER_FOR_READ_A_AND_B?UTILS

*** WARNING L16: UNCALLED SEGMENT, IGNORED FOR OVERLAY PROCESS
    SEGMENT: ?PR?_STORE_COUNTER_FOR_WRITE_A?UTILS

*** WARNING L16: UNCALLED SEGMENT, IGNORED FOR OVERLAY PROCESS
    SEGMENT: ?PR?_STORE_A?UTILS

*** WARNING L16: UNCALLED SEGMENT, IGNORED FOR OVERLAY PROCESS
    SEGMENT: ?PR?_STORE_B?UTILS

*** WARNING L16: UNCALLED SEGMENT, IGNORED FOR OVERLAY PROCESS
    SEGMENT: ?PR?_STORE_TIMESTAMP?UTILS

*** WARNING L16: UNCALLED SEGMENT, IGNORED FOR OVERLAY PROCESS
    SEGMENT: ?PR?_STORE_COUNTER_FOR_CHANGE_BLENAME?UTILS

*** WARNING L16: UNCALLED SEGMENT, IGNORED FOR OVERLAY PROCESS
    SEGMENT: ?PR?READ_COUNTER_FOR_OPEN_KEY_CABINET?UTILS

*** WARNING L16: UNCALLED SEGMENT, IGNORED FOR OVERLAY PROCESS
    SEGMENT: ?PR?READ_COUNTER_FOR_OPEN_FLOOD_DOOR?UTILS

*** WARNING L16: UNCALLED SEGMENT, IGNORED FOR OVERLAY PROCESS
    SEGMENT: ?PR?READ_COUNTER_FOR_READ_A_AND_B?UTILS

*** WARNING L16: UNCALLED SEGMENT, IGNORED FOR OVERLAY PROCESS
    SEGMENT: ?PR?READ_COUNTER_FOR_WRITE_A?UTILS

*** WARNING L16: UNCALLED SEGMENT, IGNORED FOR OVERLAY PROCESS
    SEGMENT: ?PR?_READ_A?UTILS

*** WARNING L16: UNCALLED SEGMENT, IGNORED FOR OVERLAY PROCESS
    SEGMENT: ?PR?_READ_B?UTILS

*** WARNING L16: UNCALLED SEGMENT, IGNORED FOR OVERLAY PROCESS
    SEGMENT: ?PR?_READ_COUNTER_FOR_CHANGE_BLENAME?UTILS
BL51 BANKED LINKER/LOCATER V6.22                                                      09/07/2015  18:06:53  PAGE 34



*** WARNING L16: UNCALLED SEGMENT, IGNORED FOR OVERLAY PROCESS
    SEGMENT: ?PR?_CHECKSIMPLECRC?UTILS

*** WARNING L16: UNCALLED SEGMENT, IGNORED FOR OVERLAY PROCESS
    SEGMENT: ?PR?_CHECKAND?UTILS

*** WARNING L16: UNCALLED SEGMENT, IGNORED FOR OVERLAY PROCESS
    SEGMENT: ?PR?_COMPLEMENT_CREAT?UTILS

*** WARNING L16: UNCALLED SEGMENT, IGNORED FOR OVERLAY PROCESS
    SEGMENT: ?PR?_CHECKCOMPLEMENT?UTILS

*** WARNING L16: UNCALLED SEGMENT, IGNORED FOR OVERLAY PROCESS
    SEGMENT: ?PR?_ORDER_OVER_CREAT?UTILS

*** WARNING L16: UNCALLED SEGMENT, IGNORED FOR OVERLAY PROCESS
    SEGMENT: ?PR?_CHECKORDER_OVER?UTILS

*** WARNING L16: UNCALLED SEGMENT, IGNORED FOR OVERLAY PROCESS
    SEGMENT: ?PR?_EXCLUSIVE_OR_CREAT?UTILS

*** WARNING L16: UNCALLED SEGMENT, IGNORED FOR OVERLAY PROCESS
    SEGMENT: ?PR?_CHECKEXCLUSIVE_OR?UTILS

*** ERROR L107: ADDRESS SPACE OVERFLOW
    SPACE:   DATA    
    SEGMENT: ?DT?_EXCLUSIVE_OR_CREAT?UTILS
    LENGTH:  0010H

*** ERROR L107: ADDRESS SPACE OVERFLOW
    SPACE:   DATA    
    SEGMENT: ?DT?_CHECKORDER_OVER?UTILS
    LENGTH:  000CH

*** ERROR L107: ADDRESS SPACE OVERFLOW
    SPACE:   DATA    
    SEGMENT: ?DT?_COMPLEMENT_CREAT?UTILS
    LENGTH:  000BH

*** ERROR L107: ADDRESS SPACE OVERFLOW
    SPACE:   DATA    
    SEGMENT: ?DT?_ORDER_OVER_CREAT?UTILS
    LENGTH:  000BH

*** ERROR L107: ADDRESS SPACE OVERFLOW
    SPACE:   DATA    
    SEGMENT: ?DT?_STRCAT?STRCAT
    LENGTH:  0009H

*** ERROR L107: ADDRESS SPACE OVERFLOW
    SPACE:   DATA    
    SEGMENT: ?DT?_AND_CREAT?UTILS
    LENGTH:  0007H

*** ERROR L107: ADDRESS SPACE OVERFLOW
    SPACE:   DATA    
BL51 BANKED LINKER/LOCATER V6.22                                                      09/07/2015  18:06:53  PAGE 35


    SEGMENT: ?DT?_CHECKAND?UTILS
    LENGTH:  0007H

*** ERROR L107: ADDRESS SPACE OVERFLOW
[...]
    MODULE:  ble.obj (BLE)
    ADDRESS: 03FEH

*** WARNING L2: REFERENCE MADE TO UNRESOLVED EXTERNAL
    SYMBOL:  ?_EXCLUSIVE_OR_CREAT?BYTE
    MODULE:  ble.obj (BLE)
    ADDRESS: 0401H

*** WARNING L2: REFERENCE MADE TO UNRESOLVED EXTERNAL
    SYMBOL:  ?_EXCLUSIVE_OR_CREAT?BYTE
    MODULE:  ble.obj (BLE)
    ADDRESS: 0404H

*** WARNING L2: REFERENCE MADE TO UNRESOLVED EXTERNAL
    SYMBOL:  ?_EXCLUSIVE_OR_CREAT?BYTE
    MODULE:  ble.obj (BLE)
    ADDRESS: 0407H

*** WARNING L2: REFERENCE MADE TO UNRESOLVED EXTERNAL
    SYMBOL:  ?_EXCLUSIVE_OR_CREAT?BYTE
BL51 BANKED LINKER/LOCATER V6.22                                                      09/07/2015  18:06:53  PAGE 52


    MODULE:  ble.obj (BLE)
    ADDRESS: 040BH

*** WARNING L2: REFERENCE MADE TO UNRESOLVED EXTERNAL
    SYMBOL:  ?_EXCLUSIVE_OR_CREAT?BYTE
    MODULE:  ble.obj (BLE)
    ADDRESS: 040DH

*** WARNING L2: REFERENCE MADE TO UNRESOLVED EXTERNAL
    SYMBOL:  ?_EXCLUSIVE_OR_CREAT?BYTE
    MODULE:  ble.obj (BLE)
    ADDRESS: 0410H

*** WARNING L2: REFERENCE MADE TO UNRESOLVED EXTERNAL
    SYMBOL:  ?_EXCLUSIVE_OR_CREAT?BYTE
    MODULE:  ble.obj (BLE)
    ADDRESS: 0412H

*** WARNING L2: REFERENCE MADE TO UNRESOLVED EXTERNAL
    SYMBOL:  ?_EXCLUSIVE_OR_CREAT?BYTE
    MODULE:  ble.obj (BLE)
    ADDRESS: 0415H

*** WARNING L2: REFERENCE MADE TO UNRESOLVED EXTERNAL
    SYMBOL:  ?_EXCLUSIVE_OR_CREAT?BYTE
    MODULE:  ble.obj (BLE)
    ADDRESS: 0418H

*** WARNING L2: REFERENCE MADE TO UNRESOLVED EXTERNAL
    SYMBOL:  ?_EXCLUSIVE_OR_CREAT?BYTE
    MODULE:  ble.obj (BLE)
    ADDRESS: 041BH

*** WARNING L2: REFERENCE MADE TO UNRESOLVED EXTERNAL
    SYMBOL:  _EXCLUSIVE_OR_CREAT
    MODULE:  ble.obj (BLE)
    ADDRESS: 0425H

*** WARNING L2: REFERENCE MADE TO UNRESOLVED EXTERNAL
    SYMBOL:  ?_COMPLEMENT_CREAT?BYTE
    MODULE:  ble.obj (BLE)
    ADDRESS: 0428H

*** WARNING L2: REFERENCE MADE TO UNRESOLVED EXTERNAL
    SYMBOL:  ?_COMPLEMENT_CREAT?BYTE
    MODULE:  ble.obj (BLE)
    ADDRESS: 042BH

*** WARNING L2: REFERENCE MADE TO UNRESOLVED EXTERNAL
    SYMBOL:  ?_COMPLEMENT_CREAT?BYTE
    MODULE:  ble.obj (BLE)
    ADDRESS: 042EH

*** WARNING L2: REFERENCE MADE TO UNRESOLVED EXTERNAL
    SYMBOL:  ?_COMPLEMENT_CREAT?BYTE
    MODULE:  ble.obj (BLE)
    ADDRESS: 0431H
BL51 BANKED LINKER/LOCATER V6.22                                                      09/07/2015  18:06:53  PAGE 53



*** WARNING L2: REFERENCE MADE TO UNRESOLVED EXTERNAL
    SYMBOL:  ?_COMPLEMENT_CREAT?BYTE
    MODULE:  ble.obj (BLE)
    ADDRESS: 0434H

*** WARNING L2: REFERENCE MADE TO UNRESOLVED EXTERNAL
    SYMBOL:  ?_COMPLEMENT_CREAT?BYTE
    MODULE:  ble.obj (BLE)
    ADDRESS: 0437H

*** WARNING L2: REFERENCE MADE TO UNRESOLVED EXTERNAL
    SYMBOL:  _COMPLEMENT_CREAT
    MODULE:  ble.obj (BLE)
    ADDRESS: 0442H

*** WARNING L2: REFERENCE MADE TO UNRESOLVED EXTERNAL
    SYMBOL:  ?_CRC_CREAT?BYTE
    MODULE:  ble.obj (BLE)
    ADDRESS: 044BH

*** WARNING L2: REFERENCE MADE TO UNRESOLVED EXTERNAL
    SYMBOL:  _CRC_CREAT
    MODULE:  ble.obj (BLE)
    ADDRESS: 0450H

*** WARNING L2: REFERENCE MADE TO UNRESOLVED EXTERNAL
    SYMBOL:  ?_CRC_CREAT?BYTE
    MODULE:  ble.obj (BLE)
    ADDRESS: 045BH

*** WARNING L2: REFERENCE MADE TO UNRESOLVED EXTERNAL
    SYMBOL:  _CRC_CREAT
    MODULE:  ble.obj (BLE)
    ADDRESS: 0460H

*** WARNING L2: REFERENCE MADE TO UNRESOLVED EXTERNAL
    SYMBOL:  ?_AND_CREAT?BYTE
    MODULE:  ble.obj (BLE)
    ADDRESS: 046BH

*** WARNING L2: REFERENCE MADE TO UNRESOLVED EXTERNAL
    SYMBOL:  _AND_CREAT
    MODULE:  ble.obj (BLE)
    ADDRESS: 0470H

*** WARNING L2: REFERENCE MADE TO UNRESOLVED EXTERNAL
    SYMBOL:  ?_AND_CREAT?BYTE
    MODULE:  ble.obj (BLE)
    ADDRESS: 047FH

*** WARNING L2: REFERENCE MADE TO UNRESOLVED EXTERNAL
    SYMBOL:  _AND_CREAT
    MODULE:  ble.obj (BLE)
    ADDRESS: 0484H

*** WARNING L2: REFERENCE MADE TO UNRESOLVED EXTERNAL
BL51 BANKED LINKER/LOCATER V6.22                                                      09/07/2015  18:06:53  PAGE 54


    SYMBOL:  ?_READ_A?BYTE
    MODULE:  ble.obj (BLE)
    ADDRESS: 04E5H

*** WARNING L2: REFERENCE MADE TO UNRESOLVED EXTERNAL
    SYMBOL:  _READ_A
    MODULE:  ble.obj (BLE)
    ADDRESS: 04EAH

*** WARNING L2: REFERENCE MADE TO UNRESOLVED EXTERNAL
    SYMBOL:  ?_EXCLUSIVE_OR_CREAT?BYTE
    MODULE:  ble.obj (BLE)
    ADDRESS: 04EDH

*** WARNING L2: REFERENCE MADE TO UNRESOLVED EXTERNAL
    SYMBOL:  ?_EXCLUSIVE_OR_CREAT?BYTE
    MODULE:  ble.obj (BLE)
    ADDRESS: 04F0H

*** WARNING L2: REFERENCE MADE TO UNRESOLVED EXTERNAL
    SYMBOL:  ?_EXCLUSIVE_OR_CREAT?BYTE
    MODULE:  ble.obj (BLE)
    ADDRESS: 04F3H

*** WARNING L2: REFERENCE MADE TO UNRESOLVED EXTERNAL
    SYMBOL:  ?_EXCLUSIVE_OR_CREAT?BYTE
    MODULE:  ble.obj (BLE)
    ADDRESS: 04F6H

*** WARNING L2: REFERENCE MADE TO UNRESOLVED EXTERNAL
    SYMBOL:  ?_EXCLUSIVE_OR_CREAT?BYTE
    MODULE:  ble.obj (BLE)
    ADDRESS: 04F9H

*** WARNING L2: REFERENCE MADE TO UNRESOLVED EXTERNAL
    SYMBOL:  ?_EXCLUSIVE_OR_CREAT?BYTE
    MODULE:  ble.obj (BLE)
    ADDRESS: 04FCH

*** WARNING L2: REFERENCE MADE TO UNRESOLVED EXTERNAL
    SYMBOL:  ?_EXCLUSIVE_OR_CREAT?BYTE
    MODULE:  ble.obj (BLE)
    ADDRESS: 04FFH

*** WARNING L2: REFERENCE MADE TO UNRESOLVED EXTERNAL
    SYMBOL:  ?_EXCLUSIVE_OR_CREAT?BYTE
    MODULE:  ble.obj (BLE)
    ADDRESS: 0502H

*** WARNING L2: REFERENCE MADE TO UNRESOLVED EXTERNAL
    SYMBOL:  ?_EXCLUSIVE_OR_CREAT?BYTE
    MODULE:  ble.obj (BLE)
    ADDRESS: 0505H

*** WARNING L2: REFERENCE MADE TO UNRESOLVED EXTERNAL
    SYMBOL:  ?_EXCLUSIVE_OR_CREAT?BYTE
    MODULE:  ble.obj (BLE)
BL51 BANKED LINKER/LOCATER V6.22                                                      09/07/2015  18:06:53  PAGE 55


    ADDRESS: 0508H

*** WARNING L2: REFERENCE MADE TO UNRESOLVED EXTERNAL
    SYMBOL:  ?_EXCLUSIVE_OR_CREAT?BYTE
    MODULE:  ble.obj (BLE)
    ADDRESS: 050BH

*** WARNING L2: REFERENCE MADE TO UNRESOLVED EXTERNAL
    SYMBOL:  _EXCLUSIVE_OR_CREAT
    MODULE:  ble.obj (BLE)
    ADDRESS: 0516H

*** WARNING L2: REFERENCE MADE TO UNRESOLVED EXTERNAL
    SYMBOL:  ?_COMPLEMENT_CREAT?BYTE
    MODULE:  ble.obj (BLE)
    ADDRESS: 0519H

*** WARNING L2: REFERENCE MADE TO UNRESOLVED EXTERNAL
    SYMBOL:  ?_COMPLEMENT_CREAT?BYTE
    MODULE:  ble.obj (BLE)
    ADDRESS: 051CH

*** WARNING L2: REFERENCE MADE TO UNRESOLVED EXTERNAL
    SYMBOL:  ?_COMPLEMENT_CREAT?BYTE
    MODULE:  ble.obj (BLE)
    ADDRESS: 051FH

*** WARNING L2: REFERENCE MADE TO UNRESOLVED EXTERNAL
    SYMBOL:  ?_COMPLEMENT_CREAT?BYTE
    MODULE:  ble.obj (BLE)
    ADDRESS: 0522H

*** WARNING L2: REFERENCE MADE TO UNRESOLVED EXTERNAL
    SYMBOL:  ?_COMPLEMENT_CREAT?BYTE
    MODULE:  ble.obj (BLE)
    ADDRESS: 0525H

*** WARNING L2: REFERENCE MADE TO UNRESOLVED EXTERNAL
    SYMBOL:  ?_COMPLEMENT_CREAT?BYTE
    MODULE:  ble.obj (BLE)
    ADDRESS: 0528H

*** WARNING L2: REFERENCE MADE TO UNRESOLVED EXTERNAL
    SYMBOL:  _COMPLEMENT_CREAT
    MODULE:  ble.obj (BLE)
    ADDRESS: 0533H

*** WARNING L2: REFERENCE MADE TO UNRESOLVED EXTERNAL
    SYMBOL:  ?_READ_A?BYTE
    MODULE:  ble.obj (BLE)
    ADDRESS: 053CH

*** WARNING L2: REFERENCE MADE TO UNRESOLVED EXTERNAL
    SYMBOL:  _READ_A
    MODULE:  ble.obj (BLE)
    ADDRESS: 0541H

BL51 BANKED LINKER/LOCATER V6.22                                                      09/07/2015  18:06:53  PAGE 56


*** WARNING L2: REFERENCE MADE TO UNRESOLVED EXTERNAL
    SYMBOL:  ?_EXCLUSIVE_OR_CREAT?BYTE
    MODULE:  ble.obj (BLE)
    ADDRESS: 0544H

*** WARNING L2: REFERENCE MADE TO UNRESOLVED EXTERNAL
    SYMBOL:  ?_EXCLUSIVE_OR_CREAT?BYTE
    MODULE:  ble.obj (BLE)
    ADDRESS: 0547H

*** WARNING L2: REFERENCE MADE TO UNRESOLVED EXTERNAL
    SYMBOL:  ?_EXCLUSIVE_OR_CREAT?BYTE
    MODULE:  ble.obj (BLE)
    ADDRESS: 054AH

*** WARNING L2: REFERENCE MADE TO UNRESOLVED EXTERNAL
    SYMBOL:  ?_EXCLUSIVE_OR_CREAT?BYTE
    MODULE:  ble.obj (BLE)
    ADDRESS: 054DH

*** WARNING L2: REFERENCE MADE TO UNRESOLVED EXTERNAL
    SYMBOL:  ?_EXCLUSIVE_OR_CREAT?BYTE
    MODULE:  ble.obj (BLE)
    ADDRESS: 0551H

*** WARNING L2: REFERENCE MADE TO UNRESOLVED EXTERNAL
    SYMBOL:  ?_EXCLUSIVE_OR_CREAT?BYTE
    MODULE:  ble.obj (BLE)
    ADDRESS: 0553H

*** WARNING L2: REFERENCE MADE TO UNRESOLVED EXTERNAL
    SYMBOL:  ?_EXCLUSIVE_OR_CREAT?BYTE
    MODULE:  ble.obj (BLE)
    ADDRESS: 0556H

*** WARNING L2: REFERENCE MADE TO UNRESOLVED EXTERNAL
    SYMBOL:  ?_EXCLUSIVE_OR_CREAT?BYTE
    MODULE:  ble.obj (BLE)
    ADDRESS: 0558H

*** WARNING L2: REFERENCE MADE TO UNRESOLVED EXTERNAL
    SYMBOL:  ?_EXCLUSIVE_OR_CREAT?BYTE
    MODULE:  ble.obj (BLE)
    ADDRESS: 055BH

*** WARNING L2: REFERENCE MADE TO UNRESOLVED EXTERNAL
    SYMBOL:  ?_EXCLUSIVE_OR_CREAT?BYTE
    MODULE:  ble.obj (BLE)
    ADDRESS: 055EH

*** WARNING L2: REFERENCE MADE TO UNRESOLVED EXTERNAL
    SYMBOL:  ?_EXCLUSIVE_OR_CREAT?BYTE
    MODULE:  ble.obj (BLE)
    ADDRESS: 0561H

*** WARNING L2: REFERENCE MADE TO UNRESOLVED EXTERNAL
    SYMBOL:  _EXCLUSIVE_OR_CREAT
BL51 BANKED LINKER/LOCATER V6.22                                                      09/07/2015  18:06:53  PAGE 57


    MODULE:  ble.obj (BLE)
    ADDRESS: 056BH

*** WARNING L2: REFERENCE MADE TO UNRESOLVED EXTERNAL
    SYMBOL:  ?_COMPLEMENT_CREAT?BYTE
    MODULE:  ble.obj (BLE)
    ADDRESS: 056EH

*** WARNING L2: REFERENCE MADE TO UNRESOLVED EXTERNAL
    SYMBOL:  ?_COMPLEMENT_CREAT?BYTE
    MODULE:  ble.obj (BLE)
    ADDRESS: 0571H

*** WARNING L2: REFERENCE MADE TO UNRESOLVED EXTERNAL
    SYMBOL:  ?_COMPLEMENT_CREAT?BYTE
    MODULE:  ble.obj (BLE)
    ADDRESS: 0574H

*** WARNING L2: REFERENCE MADE TO UNRESOLVED EXTERNAL
    SYMBOL:  ?_COMPLEMENT_CREAT?BYTE
    MODULE:  ble.obj (BLE)
    ADDRESS: 0577H

*** WARNING L2: REFERENCE MADE TO UNRESOLVED EXTERNAL
    SYMBOL:  ?_COMPLEMENT_CREAT?BYTE
    MODULE:  ble.obj (BLE)
    ADDRESS: 057AH

*** WARNING L2: REFERENCE MADE TO UNRESOLVED EXTERNAL
    SYMBOL:  ?_COMPLEMENT_CREAT?BYTE
    MODULE:  ble.obj (BLE)
    ADDRESS: 057DH

*** WARNING L2: REFERENCE MADE TO UNRESOLVED EXTERNAL
    SYMBOL:  _COMPLEMENT_CREAT
    MODULE:  ble.obj (BLE)
    ADDRESS: 0588H

*** WARNING L2: REFERENCE MADE TO UNRESOLVED EXTERNAL
    SYMBOL:  ?_CRC_CREAT?BYTE
    MODULE:  ble.obj (BLE)
    ADDRESS: 0591H

*** WARNING L2: REFERENCE MADE TO UNRESOLVED EXTERNAL
    SYMBOL:  _CRC_CREAT
    MODULE:  ble.obj (BLE)
    ADDRESS: 0596H

*** WARNING L2: REFERENCE MADE TO UNRESOLVED EXTERNAL
    SYMBOL:  ?_CRC_CREAT?BYTE
    MODULE:  ble.obj (BLE)
    ADDRESS: 05A1H

*** WARNING L2: REFERENCE MADE TO UNRESOLVED EXTERNAL
    SYMBOL:  _CRC_CREAT
    MODULE:  ble.obj (BLE)
    ADDRESS: 05A6H
BL51 BANKED LINKER/LOCATER V6.22                                                      09/07/2015  18:06:53  PAGE 58



*** WARNING L2: REFERENCE MADE TO UNRESOLVED EXTERNAL
    SYMBOL:  ?_AND_CREAT?BYTE
    MODULE:  ble.obj (BLE)
    ADDRESS: 05B1H

*** WARNING L2: REFERENCE MADE TO UNRESOLVED EXTERNAL
    SYMBOL:  _AND_CREAT
    MODULE:  ble.obj (BLE)
    ADDRESS: 05B6H

*** WARNING L2: REFERENCE MADE TO UNRESOLVED EXTERNAL
    SYMBOL:  ?_AND_CREAT?BYTE
    MODULE:  ble.obj (BLE)
    ADDRESS: 05C5H

*** WARNING L2: REFERENCE MADE TO UNRESOLVED EXTERNAL
    SYMBOL:  _AND_CREAT
    MODULE:  ble.obj (BLE)
    ADDRESS: 05CAH

*** WARNING L2: REFERENCE MADE TO UNRESOLVED EXTERNAL
    SYMBOL:  ?_READ_A?BYTE
    MODULE:  ble.obj (BLE)
    ADDRESS: 062BH

*** WARNING L2: REFERENCE MADE TO UNRESOLVED EXTERNAL
    SYMBOL:  _READ_A
    MODULE:  ble.obj (BLE)
    ADDRESS: 0630H

*** WARNING L2: REFERENCE MADE TO UNRESOLVED EXTERNAL
    SYMBOL:  ?_EXCLUSIVE_OR_CREAT?BYTE
    MODULE:  ble.obj (BLE)
    ADDRESS: 0633H

*** WARNING L2: REFERENCE MADE TO UNRESOLVED EXTERNAL
    SYMBOL:  ?_EXCLUSIVE_OR_CREAT?BYTE
    MODULE:  ble.obj (BLE)
    ADDRESS: 0636H

*** WARNING L2: REFERENCE MADE TO UNRESOLVED EXTERNAL
    SYMBOL:  ?_EXCLUSIVE_OR_CREAT?BYTE
    MODULE:  ble.obj (BLE)
    ADDRESS: 0639H

*** WARNING L2: REFERENCE MADE TO UNRESOLVED EXTERNAL
    SYMBOL:  ?_EXCLUSIVE_OR_CREAT?BYTE
    MODULE:  ble.obj (BLE)
    ADDRESS: 063CH

*** WARNING L2: REFERENCE MADE TO UNRESOLVED EXTERNAL
    SYMBOL:  ?_EXCLUSIVE_OR_CREAT?BYTE
    MODULE:  ble.obj (BLE)
    ADDRESS: 063FH

*** WARNING L2: REFERENCE MADE TO UNRESOLVED EXTERNAL
BL51 BANKED LINKER/LOCATER V6.22                                                      09/07/2015  18:06:53  PAGE 59


    SYMBOL:  ?_EXCLUSIVE_OR_CREAT?BYTE
    MODULE:  ble.obj (BLE)
    ADDRESS: 0642H

*** WARNING L2: REFERENCE MADE TO UNRESOLVED EXTERNAL
    SYMBOL:  ?_EXCLUSIVE_OR_CREAT?BYTE
    MODULE:  ble.obj (BLE)
    ADDRESS: 0645H

*** WARNING L2: REFERENCE MADE TO UNRESOLVED EXTERNAL
    SYMBOL:  ?_EXCLUSIVE_OR_CREAT?BYTE
    MODULE:  ble.obj (BLE)
    ADDRESS: 0648H

*** WARNING L2: REFERENCE MADE TO UNRESOLVED EXTERNAL
    SYMBOL:  ?_EXCLUSIVE_OR_CREAT?BYTE
    MODULE:  ble.obj (BLE)
    ADDRESS: 064BH

*** WARNING L2: REFERENCE MADE TO UNRESOLVED EXTERNAL
    SYMBOL:  ?_EXCLUSIVE_OR_CREAT?BYTE
    MODULE:  ble.obj (BLE)
    ADDRESS: 064EH

*** WARNING L2: REFERENCE MADE TO UNRESOLVED EXTERNAL
    SYMBOL:  ?_EXCLUSIVE_OR_CREAT?BYTE
    MODULE:  ble.obj (BLE)
    ADDRESS: 0651H

*** WARNING L2: REFERENCE MADE TO UNRESOLVED EXTERNAL
    SYMBOL:  _EXCLUSIVE_OR_CREAT
    MODULE:  ble.obj (BLE)
    ADDRESS: 065CH

*** WARNING L2: REFERENCE MADE TO UNRESOLVED EXTERNAL
    SYMBOL:  ?_COMPLEMENT_CREAT?BYTE
    MODULE:  ble.obj (BLE)
    ADDRESS: 065FH

*** WARNING L2: REFERENCE MADE TO UNRESOLVED EXTERNAL
    SYMBOL:  ?_COMPLEMENT_CREAT?BYTE
    MODULE:  ble.obj (BLE)
    ADDRESS: 0662H

*** WARNING L2: REFERENCE MADE TO UNRESOLVED EXTERNAL
    SYMBOL:  ?_COMPLEMENT_CREAT?BYTE
    MODULE:  ble.obj (BLE)
    ADDRESS: 0665H

*** WARNING L2: REFERENCE MADE TO UNRESOLVED EXTERNAL
    SYMBOL:  ?_COMPLEMENT_CREAT?BYTE
    MODULE:  ble.obj (BLE)
    ADDRESS: 0668H

*** WARNING L2: REFERENCE MADE TO UNRESOLVED EXTERNAL
    SYMBOL:  ?_COMPLEMENT_CREAT?BYTE
    MODULE:  ble.obj (BLE)
BL51 BANKED LINKER/LOCATER V6.22                                                      09/07/2015  18:06:53  PAGE 60


    ADDRESS: 066BH

*** WARNING L2: REFERENCE MADE TO UNRESOLVED EXTERNAL
    SYMBOL:  ?_COMPLEMENT_CREAT?BYTE
    MODULE:  ble.obj (BLE)
    ADDRESS: 066EH

*** WARNING L2: REFERENCE MADE TO UNRESOLVED EXTERNAL
    SYMBOL:  _COMPLEMENT_CREAT
    MODULE:  ble.obj (BLE)
    ADDRESS: 0679H

*** WARNING L2: REFERENCE MADE TO UNRESOLVED EXTERNAL
    SYMBOL:  ?_READ_A?BYTE
    MODULE:  ble.obj (BLE)
    ADDRESS: 0682H

*** WARNING L2: REFERENCE MADE TO UNRESOLVED EXTERNAL
    SYMBOL:  _READ_A
    MODULE:  ble.obj (BLE)
    ADDRESS: 0687H

*** WARNING L2: REFERENCE MADE TO UNRESOLVED EXTERNAL
    SYMBOL:  ?_EXCLUSIVE_OR_CREAT?BYTE
    MODULE:  ble.obj (BLE)
    ADDRESS: 068AH

*** WARNING L2: REFERENCE MADE TO UNRESOLVED EXTERNAL
    SYMBOL:  ?_EXCLUSIVE_OR_CREAT?BYTE
    MODULE:  ble.obj (BLE)
    ADDRESS: 068DH

*** WARNING L2: REFERENCE MADE TO UNRESOLVED EXTERNAL
    SYMBOL:  ?_EXCLUSIVE_OR_CREAT?BYTE
    MODULE:  ble.obj (BLE)
    ADDRESS: 0690H

*** WARNING L2: REFERENCE MADE TO UNRESOLVED EXTERNAL
    SYMBOL:  ?_EXCLUSIVE_OR_CREAT?BYTE
    MODULE:  ble.obj (BLE)
    ADDRESS: 0693H

*** WARNING L2: REFERENCE MADE TO UNRESOLVED EXTERNAL
    SYMBOL:  ?_EXCLUSIVE_OR_CREAT?BYTE
    MODULE:  ble.obj (BLE)
    ADDRESS: 0697H

*** WARNING L2: REFERENCE MADE TO UNRESOLVED EXTERNAL
    SYMBOL:  ?_EXCLUSIVE_OR_CREAT?BYTE
    MODULE:  ble.obj (BLE)
    ADDRESS: 0699H

*** WARNING L2: REFERENCE MADE TO UNRESOLVED EXTERNAL
    SYMBOL:  ?_EXCLUSIVE_OR_CREAT?BYTE
    MODULE:  ble.obj (BLE)
    ADDRESS: 069CH

BL51 BANKED LINKER/LOCATER V6.22                                                      09/07/2015  18:06:53  PAGE 61


*** WARNING L2: REFERENCE MADE TO UNRESOLVED EXTERNAL
    SYMBOL:  ?_EXCLUSIVE_OR_CREAT?BYTE
    MODULE:  ble.obj (BLE)
    ADDRESS: 069EH

*** WARNING L2: REFERENCE MADE TO UNRESOLVED EXTERNAL
    SYMBOL:  ?_EXCLUSIVE_OR_CREAT?BYTE
    MODULE:  ble.obj (BLE)
    ADDRESS: 06A1H

*** WARNING L2: REFERENCE MADE TO UNRESOLVED EXTERNAL
    SYMBOL:  ?_EXCLUSIVE_OR_CREAT?BYTE
    MODULE:  ble.obj (BLE)
    ADDRESS: 06A4H

*** WARNING L2: REFERENCE MADE TO UNRESOLVED EXTERNAL
    SYMBOL:  ?_EXCLUSIVE_OR_CREAT?BYTE
    MODULE:  ble.obj (BLE)
    ADDRESS: 06A7H

*** WARNING L2: REFERENCE MADE TO UNRESOLVED EXTERNAL
    SYMBOL:  _EXCLUSIVE_OR_CREAT
    MODULE:  ble.obj (BLE)
    ADDRESS: 06B1H

*** WARNING L2: REFERENCE MADE TO UNRESOLVED EXTERNAL
    SYMBOL:  ?_COMPLEMENT_CREAT?BYTE
    MODULE:  ble.obj (BLE)
    ADDRESS: 06B4H

*** WARNING L2: REFERENCE MADE TO UNRESOLVED EXTERNAL
    SYMBOL:  ?_COMPLEMENT_CREAT?BYTE
    MODULE:  ble.obj (BLE)
    ADDRESS: 06B7H

*** WARNING L2: REFERENCE MADE TO UNRESOLVED EXTERNAL
    SYMBOL:  ?_COMPLEMENT_CREAT?BYTE
    MODULE:  ble.obj (BLE)
    ADDRESS: 06BAH

*** WARNING L2: REFERENCE MADE TO UNRESOLVED EXTERNAL
    SYMBOL:  ?_COMPLEMENT_CREAT?BYTE
    MODULE:  ble.obj (BLE)
    ADDRESS: 06BDH

*** WARNING L2: REFERENCE MADE TO UNRESOLVED EXTERNAL
    SYMBOL:  ?_COMPLEMENT_CREAT?BYTE
    MODULE:  ble.obj (BLE)
    ADDRESS: 06C0H

*** WARNING L2: REFERENCE MADE TO UNRESOLVED EXTERNAL
    SYMBOL:  ?_COMPLEMENT_CREAT?BYTE
    MODULE:  ble.obj (BLE)
    ADDRESS: 06C3H

*** WARNING L2: REFERENCE MADE TO UNRESOLVED EXTERNAL
    SYMBOL:  _COMPLEMENT_CREAT
BL51 BANKED LINKER/LOCATER V6.22                                                      09/07/2015  18:06:53  PAGE 62


    MODULE:  ble.obj (BLE)
    ADDRESS: 06CEH

*** WARNING L2: REFERENCE MADE TO UNRESOLVED EXTERNAL
    SYMBOL:  ?_CRC_CREAT?BYTE
    MODULE:  ble.obj (BLE)
    ADDRESS: 06D7H

*** WARNING L2: REFERENCE MADE TO UNRESOLVED EXTERNAL
    SYMBOL:  _CRC_CREAT
    MODULE:  ble.obj (BLE)
    ADDRESS: 06DCH

*** WARNING L2: REFERENCE MADE TO UNRESOLVED EXTERNAL
    SYMBOL:  ?_CRC_CREAT?BYTE
    MODULE:  ble.obj (BLE)
    ADDRESS: 06E7H

*** WARNING L2: REFERENCE MADE TO UNRESOLVED EXTERNAL
    SYMBOL:  _CRC_CREAT
    MODULE:  ble.obj (BLE)
    ADDRESS: 06ECH

*** WARNING L2: REFERENCE MADE TO UNRESOLVED EXTERNAL
    SYMBOL:  ?_AND_CREAT?BYTE
    MODULE:  ble.obj (BLE)
    ADDRESS: 06F7H

*** WARNING L2: REFERENCE MADE TO UNRESOLVED EXTERNAL
    SYMBOL:  _AND_CREAT
    MODULE:  ble.obj (BLE)
    ADDRESS: 06FCH

*** WARNING L2: REFERENCE MADE TO UNRESOLVED EXTERNAL
    SYMBOL:  ?_AND_CREAT?BYTE
    MODULE:  ble.obj (BLE)
    ADDRESS: 070BH

*** WARNING L2: REFERENCE MADE TO UNRESOLVED EXTERNAL
    SYMBOL:  _AND_CREAT
    MODULE:  ble.obj (BLE)
    ADDRESS: 0710H

*** WARNING L2: REFERENCE MADE TO UNRESOLVED EXTERNAL
    SYMBOL:  ?_CRC_CREAT?BYTE
    MODULE:  ble.obj (BLE)
    ADDRESS: 0A7DH

*** WARNING L2: REFERENCE MADE TO UNRESOLVED EXTERNAL
    SYMBOL:  _CRC_CREAT
    MODULE:  ble.obj (BLE)
    ADDRESS: 0A82H

*** WARNING L2: REFERENCE MADE TO UNRESOLVED EXTERNAL
    SYMBOL:  ?_CRC_CREAT?BYTE
    MODULE:  ble.obj (BLE)
    ADDRESS: 0A8DH
BL51 BANKED LINKER/LOCATER V6.22                                                      09/07/2015  18:06:53  PAGE 63



*** WARNING L2: REFERENCE MADE TO UNRESOLVED EXTERNAL
    SYMBOL:  _CRC_CREAT
    MODULE:  ble.obj (BLE)
    ADDRESS: 0A92H

*** WARNING L2: REFERENCE MADE TO UNRESOLVED EXTERNAL
    SYMBOL:  ?_AND_CREAT?BYTE
    MODULE:  ble.obj (BLE)
    ADDRESS: 0A9DH

*** WARNING L2: REFERENCE MADE TO UNRESOLVED EXTERNAL
    SYMBOL:  _AND_CREAT
    MODULE:  ble.obj (BLE)
    ADDRESS: 0AA2H

*** WARNING L2: REFERENCE MADE TO UNRESOLVED EXTERNAL
    SYMBOL:  ?_AND_CREAT?BYTE
    MODULE:  ble.obj (BLE)
    ADDRESS: 0AAEH

*** WARNING L2: REFERENCE MADE TO UNRESOLVED EXTERNAL
    SYMBOL:  _AND_CREAT
    MODULE:  ble.obj (BLE)
    ADDRESS: 0AB3H

*** ERROR L105: PUBLIC REFERS TO IGNORED SEGMENT
    SYMBOL:  ?_READ_COUNTER_FOR_CHANGE_BLENAME?BYTE
    SEGMENT: ?DT?_READ_COUNTER_FOR_CHANGE_BLENAME?UTILS

*** ERROR L105: PUBLIC REFERS TO IGNORED SEGMENT
    SYMBOL:  ?_STRCAT?BYTE
    SEGMENT: ?DT?_STRCAT?STRCAT

Program Size: data=300.3 xdata=104 code=6247
LINK/LOCATE RUN COMPLETE.  330 WARNING(S),  37 ERROR(S)
